This is pdfTeX, Version 3.141592653-2.6-1.40.28 (TeX Live 2025) (preloaded format=pdflatex 2026.2.19)  13 SEP 2026 20:25
entering extended mode
 restricted \write18 enabled.
 %&-line parsing enabled.
**tmp/pdfs/performance_wrapper.tex
(./tmp/pdfs/performance_wrapper.tex
LaTeX2e <2025-11-01>
L3 programming layer <2026-01-19>
(c:/texlive/2025/texmf-dist/tex/latex/ieeetran/IEEEtran.cls
Document Class: IEEEtran 2015/08/26 V1.8b by Michael Shell
-- See the "IEEEtran_HOWTO" manual for usage information.
-- http://www.michaelshell.org/tex/ieeetran/
\@IEEEtrantmpdimenA=\dimen148
\@IEEEtrantmpdimenB=\dimen149
\@IEEEtrantmpdimenC=\dimen150
\@IEEEtrantmpcountA=\count275
\@IEEEtrantmpcountB=\count276
\@IEEEtrantmpcountC=\count277
\@IEEEtrantmptoksA=\toks17
LaTeX Font Info:    Trying to load font information for OT1+ptm on input line 5
03.
(c:/texlive/2025/texmf-dist/tex/latex/psnfss/ot1ptm.fd
File: ot1ptm.fd 2001/06/04 font definitions for OT1/ptm.
)
-- Using 8.5in x 11in (letter) paper.
-- Using PDF output.
\@IEEEnormalsizeunitybaselineskip=\dimen151
-- This is a 10 point document.
LaTeX Encoding Info:    Redeclaring text command \textunderscore (encoding ?) o
n input line 937.
\CLASSINFOnormalsizebaselineskip=\dimen152
\CLASSINFOnormalsizeunitybaselineskip=\dimen153
\IEEEnormaljot=\dimen154
LaTeX Font Info:    Font shape `OT1/ptm/bx/n' in size <5> not available
(Font)              Font shape `OT1/ptm/b/n' tried instead on input line 1090.
LaTeX Font Info:    Font shape `OT1/ptm/bx/it' in size <5> not available
(Font)              Font shape `OT1/ptm/b/it' tried instead on input line 1090.

LaTeX Font Info:    Font shape `OT1/ptm/bx/n' in size <7> not available
(Font)              Font shape `OT1/ptm/b/n' tried instead on input line 1090.
LaTeX Font Info:    Font shape `OT1/ptm/bx/it' in size <7> not available
(Font)              Font shape `OT1/ptm/b/it' tried instead on input line 1090.

LaTeX Font Info:    Font shape `OT1/ptm/bx/n' in size <8> not available
(Font)              Font shape `OT1/ptm/b/n' tried instead on input line 1090.
LaTeX Font Info:    Font shape `OT1/ptm/bx/it' in size <8> not available
(Font)              Font shape `OT1/ptm/b/it' tried instead on input line 1090.

LaTeX Font Info:    Font shape `OT1/ptm/bx/n' in size <9> not available
(Font)              Font shape `OT1/ptm/b/n' tried instead on input line 1090.
LaTeX Font Info:    Font shape `OT1/ptm/bx/it' in size <9> not available
(Font)              Font shape `OT1/ptm/b/it' tried instead on input line 1090.

LaTeX Font Info:    Font shape `OT1/ptm/bx/n' in size <10> not available
(Font)              Font shape `OT1/ptm/b/n' tried instead on input line 1090.
LaTeX Font Info:    Font shape `OT1/ptm/bx/it' in size <10> not available
(Font)              Font shape `OT1/ptm/b/it' tried instead on input line 1090.

LaTeX Font Info:    Font shape `OT1/ptm/bx/n' in size <11> not available
(Font)              Font shape `OT1/ptm/b/n' tried instead on input line 1090.
LaTeX Font Info:    Font shape `OT1/ptm/bx/it' in size <11> not available
(Font)              Font shape `OT1/ptm/b/it' tried instead on input line 1090.

LaTeX Font Info:    Font shape `OT1/ptm/bx/n' in size <12> not available
(Font)              Font shape `OT1/ptm/b/n' tried instead on input line 1090.
LaTeX Font Info:    Font shape `OT1/ptm/bx/it' in size <12> not available
(Font)              Font shape `OT1/ptm/b/it' tried instead on input line 1090.

LaTeX Font Info:    Font shape `OT1/ptm/bx/n' in size <17> not available
(Font)              Font shape `OT1/ptm/b/n' tried instead on input line 1090.
LaTeX Font Info:    Font shape `OT1/ptm/bx/it' in size <17> not available
(Font)              Font shape `OT1/ptm/b/it' tried instead on input line 1090.

LaTeX Font Info:    Font shape `OT1/ptm/bx/n' in size <20> not available
(Font)              Font shape `OT1/ptm/b/n' tried instead on input line 1090.
LaTeX Font Info:    Font shape `OT1/ptm/bx/it' in size <20> not available
(Font)              Font shape `OT1/ptm/b/it' tried instead on input line 1090.

LaTeX Font Info:    Font shape `OT1/ptm/bx/n' in size <24> not available
(Font)              Font shape `OT1/ptm/b/n' tried instead on input line 1090.
LaTeX Font Info:    Font shape `OT1/ptm/bx/it' in size <24> not available
(Font)              Font shape `OT1/ptm/b/it' tried instead on input line 1090.

\IEEEquantizedlength=\dimen155
\IEEEquantizedlengthdiff=\dimen156
\IEEEquantizedtextheightdiff=\dimen157
\IEEEilabelindentA=\dimen158
\IEEEilabelindentB=\dimen159
\IEEEilabelindent=\dimen160
\IEEEelabelindent=\dimen161
\IEEEdlabelindent=\dimen162
\IEEElabelindent=\dimen163
\IEEEiednormlabelsep=\dimen164
\IEEEiedmathlabelsep=\dimen165
\IEEEiedtopsep=\skip49
\c@section=\count278
\c@subsection=\count279
\c@subsubsection=\count280
\c@paragraph=\count281
\c@IEEEsubequation=\count282
\abovecaptionskip=\skip50
\belowcaptionskip=\skip51
\c@figure=\count283
\c@table=\count284
\@IEEEeqnnumcols=\count285
\@IEEEeqncolcnt=\count286
\@IEEEsubeqnnumrollback=\count287
\@IEEEquantizeheightA=\dimen166
\@IEEEquantizeheightB=\dimen167
\@IEEEquantizeheightC=\dimen168
\@IEEEquantizeprevdepth=\dimen169
\@IEEEquantizemultiple=\count288
\@IEEEquantizeboxA=\box53
\@IEEEtmpitemindent=\dimen170
\IEEEPARstartletwidth=\dimen171
\c@IEEEbiography=\count289
\@IEEEtranrubishbin=\box54
) (c:/texlive/2025/texmf-dist/tex/latex/amsmath/amsmath.sty
Package: amsmath 2025/07/09 v2.17z AMS math features
\@mathmargin=\skip52

For additional information on amsmath, use the `?' option.
(c:/texlive/2025/texmf-dist/tex/latex/amsmath/amstext.sty
Package: amstext 2024/11/17 v2.01 AMS text

(c:/texlive/2025/texmf-dist/tex/latex/amsmath/amsgen.sty
File: amsgen.sty 1999/11/30 v2.0 generic functions
\@emptytoks=\toks18
\ex@=\dimen172
))
(c:/texlive/2025/texmf-dist/tex/latex/amsmath/amsbsy.sty
Package: amsbsy 1999/11/29 v1.2d Bold Symbols
\pmbraise@=\dimen173
)
(c:/texlive/2025/texmf-dist/tex/latex/amsmath/amsopn.sty
Package: amsopn 2022/04/08 v2.04 operator names
)
\inf@bad=\count290
LaTeX Info: Redefining \frac on input line 233.
\uproot@=\count291
\leftroot@=\count292
LaTeX Info: Redefining \overline on input line 398.
LaTeX Info: Redefining \colon on input line 409.
\classnum@=\count293
\DOTSCASE@=\count294
LaTeX Info: Redefining \ldots on input line 495.
LaTeX Info: Redefining \dots on input line 498.
LaTeX Info: Redefining \cdots on input line 619.
\Mathstrutbox@=\box55
\strutbox@=\box56
LaTeX Info: Redefining \big on input line 721.
LaTeX Info: Redefining \Big on input line 722.
LaTeX Info: Redefining \bigg on input line 723.
LaTeX Info: Redefining \Bigg on input line 724.
\big@size=\dimen174
LaTeX Font Info:    Redeclaring font encoding OML on input line 742.
LaTeX Font Info:    Redeclaring font encoding OMS on input line 743.
\macc@depth=\count295
LaTeX Info: Redefining \bmod on input line 904.
LaTeX Info: Redefining \pmod on input line 909.
LaTeX Info: Redefining \smash on input line 939.
LaTeX Info: Redefining \relbar on input line 969.
LaTeX Info: Redefining \Relbar on input line 970.
\c@MaxMatrixCols=\count296
\dotsspace@=\muskip17
\c@parentequation=\count297
\dspbrk@lvl=\count298
\tag@help=\toks19
\row@=\count299
\column@=\count300
\maxfields@=\count301
\andhelp@=\toks20
\eqnshift@=\dimen175
\alignsep@=\dimen176
\tagshift@=\dimen177
\tagwidth@=\dimen178
\totwidth@=\dimen179
\lineht@=\dimen180
\@envbody=\toks21
\multlinegap=\skip53
\multlinetaggap=\skip54
\mathdisplay@stack=\toks22
LaTeX Info: Redefining \[ on input line 2950.
LaTeX Info: Redefining \] on input line 2951.
)
(c:/texlive/2025/texmf-dist/tex/latex/booktabs/booktabs.sty
Package: booktabs 2020/01/12 v1.61803398 Publication quality tables
\heavyrulewidth=\dimen181
\lightrulewidth=\dimen182
\cmidrulewidth=\dimen183
\belowrulesep=\dimen184
\belowbottomsep=\dimen185
\aboverulesep=\dimen186
\abovetopsep=\dimen187
\cmidrulesep=\dimen188
\cmidrulekern=\dimen189
\defaultaddspace=\dimen190
\@cmidla=\count302
\@cmidlb=\count303
\@aboverulesep=\dimen191
\@belowrulesep=\dimen192
\@thisruleclass=\count304
\@lastruleclass=\count305
\@thisrulewidth=\dimen193
)
(c:/texlive/2025/texmf-dist/tex/latex/graphics/graphicx.sty
Package: graphicx 2024/12/31 v1.2e Enhanced LaTeX Graphics (DPC,SPQR)

(c:/texlive/2025/texmf-dist/tex/latex/graphics/keyval.sty
Package: keyval 2022/05/29 v1.15 key=value parser (DPC)
\KV@toks@=\toks23
)
(c:/texlive/2025/texmf-dist/tex/latex/graphics/graphics.sty
Package: graphics 2024/08/06 v1.4g Standard LaTeX Graphics (DPC,SPQR)

(c:/texlive/2025/texmf-dist/tex/latex/graphics/trig.sty
Package: trig 2023/12/02 v1.11 sin cos tan (DPC)
)
(c:/texlive/2025/texmf-dist/tex/latex/graphics-cfg/graphics.cfg
File: graphics.cfg 2016/06/04 v1.11 sample graphics configuration
)
Package graphics Info: Driver file: pdftex.def on input line 106.

(c:/texlive/2025/texmf-dist/tex/latex/graphics-def/pdftex.def
File: pdftex.def 2025/09/29 v1.2d Graphics/color driver for pdftex
))
\Gin@req@height=\dimen194
\Gin@req@width=\dimen195
)
(c:/texlive/2025/texmf-dist/tex/latex/subfig/subfig.sty
Package: subfig 2005/06/28 ver: 1.3 subfig package

(c:/texlive/2025/texmf-dist/tex/latex/caption/caption3.sty
Package: caption3 2023/07/31 v2.4d caption3 kernel (AR)
\caption@tempdima=\dimen196
\captionmargin=\dimen197
\caption@leftmargin=\dimen198
\caption@rightmargin=\dimen199
\caption@width=\dimen256
\caption@indent=\dimen257
\caption@parindent=\dimen258
\caption@hangindent=\dimen259
Package caption Info: Unknown document class (or package),
(caption)             standard defaults will be used.
Package caption Info: \@makecaption = \long macro:#1#2->\ifx \@captype \@IEEEta
blestring \footnotesize \bgroup \par \centering \@IEEEtabletopskipstrut {\norma
lfont \footnotesize #1}\\{\normalfont \footnotesize \scshape #2}\par \addvspace
 {0.5\baselineskip }\egroup \@IEEEtablecaptionsepspace \else \@IEEEfigurecaptio
nsepspace \setbox \@tempboxa \hbox {\normalfont \footnotesize {#1.}\nobreakspac
e \nobreakspace #2}\ifdim \wd \@tempboxa >\hsize \setbox \@tempboxa \hbox {\nor
malfont \footnotesize {#1.}\nobreakspace \nobreakspace }\parbox [t]{\hsize }{\n
ormalfont \footnotesize \noindent \unhbox \@tempboxa #2}\else \ifCLASSOPTIONcon
ference \hbox to\hsize {\normalfont \footnotesize \hfil \box \@tempboxa \hfil }
\else \hbox to\hsize {\normalfont \footnotesize \box \@tempboxa \hfil }\fi \fi 
\fi  on input line 1175.
)
\c@KVtest=\count306
\sf@farskip=\skip55
\sf@captopadj=\dimen260
\sf@capskip=\skip56
\sf@nearskip=\skip57
\c@subfigure=\count307
\c@subfigure@save=\count308
\c@lofdepth=\count309
\c@subtable=\count310
\c@subtable@save=\count311
\c@lotdepth=\count312
\sf@top=\skip58
\sf@bottom=\skip59
)
(c:/texlive/2025/texmf-dist/tex/latex/l3backend/l3backend-pdftex.def
File: l3backend-pdftex.def 2025-10-09 L3 backend support: PDF output (pdfTeX)
\l__color_backend_stack_int=\count313
)
(tmp/pdfs/performance_wrapper.aux)
\openout1 = `performance_wrapper.aux'.

LaTeX Font Info:    Checking defaults for OML/cmm/m/it on input line 6.
LaTeX Font Info:    ... okay on input line 6.
LaTeX Font Info:    Checking defaults for OMS/cmsy/m/n on input line 6.
LaTeX Font Info:    ... okay on input line 6.
LaTeX Font Info:    Checking defaults for OT1/cmr/m/n on input line 6.
LaTeX Font Info:    ... okay on input line 6.
LaTeX Font Info:    Checking defaults for T1/cmr/m/n on input line 6.
LaTeX Font Info:    ... okay on input line 6.
LaTeX Font Info:    Checking defaults for TS1/cmr/m/n on input line 6.
LaTeX Font Info:    ... okay on input line 6.
LaTeX Font Info:    Checking defaults for OMX/cmex/m/n on input line 6.
LaTeX Font Info:    ... okay on input line 6.
LaTeX Font Info:    Checking defaults for U/cmr/m/n on input line 6.
LaTeX Font Info:    ... okay on input line 6.

-- Lines per column: 58 (exact).
(c:/texlive/2025/texmf-dist/tex/context/base/mkii/supp-pdf.mkii
[Loading MPS to PDF converter (version 2006.09.02).]
\scratchcounter=\count314
\scratchdimen=\dimen261
\scratchbox=\box57
\nofMPsegments=\count315
\nofMParguments=\count316
\everyMPshowfont=\toks24
\MPscratchCnt=\count317
\MPscratchDim=\dimen262
\MPnumerator=\count318
\makeMPintoPDFobject=\count319
\everyMPtoPDFconversion=\toks25
) (c:/texlive/2025/texmf-dist/tex/latex/epstopdf-pkg/epstopdf-base.sty
Package: epstopdf-base 2020-01-24 v2.11 Base part for package epstopdf
Package epstopdf-base Info: Redefining graphics rule for `.eps' on input line 4
85.

(c:/texlive/2025/texmf-dist/tex/latex/latexconfig/epstopdf-sys.cfg
File: epstopdf-sys.cfg 2010/07/13 v1.3 Configuration of (r)epstopdf for TeX Liv
e
))
Package caption Info: Begin \AtBeginDocument code.
Package caption Info: subfig package v1.3 is loaded.
Package caption Info: End \AtBeginDocument code.

(./docs/performance_evaluation_revision.tex
Underfull \hbox (badness 6412) in paragraph at lines 71--84
\OT1/ptm/m/n/10 nearest-neighbor method (NN), ant-colony op-ti-miza-tion
 []

<figures/route_comparison/route_h11_proposed_ieee.pdf, id=1, 215.84592pt x 132.
78053pt>
File: figures/route_comparison/route_h11_proposed_ieee.pdf Graphic file (type p
df)
<use figures/route_comparison/route_h11_proposed_ieee.pdf>
Package pdftex.def Info: figures/route_comparison/route_h11_proposed_ieee.pdf  
used on input line 92.
(pdftex.def)             Requested size: 196.5597pt x 120.91556pt.
<figures/route_comparison/route_h11_aco_ieee.pdf, id=2, 215.84592pt x 132.78053
pt>
File: figures/route_comparison/route_h11_aco_ieee.pdf Graphic file (type pdf)
<use figures/route_comparison/route_h11_aco_ieee.pdf>
Package pdftex.def Info: figures/route_comparison/route_h11_aco_ieee.pdf  used 
on input line 98.
(pdftex.def)             Requested size: 196.5597pt x 120.91556pt.
<figures/route_comparison/route_h11_ga_ieee.pdf, id=3, 215.84592pt x 132.78053p
t>
File: figures/route_comparison/route_h11_ga_ieee.pdf Graphic file (type pdf)
<use figures/route_comparison/route_h11_ga_ieee.pdf>
Package pdftex.def Info: figures/route_comparison/route_h11_ga_ieee.pdf  used o
n input line 104.
(pdftex.def)             Requested size: 196.5597pt x 120.91556pt.
<figures/hourly_24h/hourly_energy_ieee.pdf, id=4, 249.81282pt x 181.15633pt>
File: figures/hourly_24h/hourly_energy_ieee.pdf Graphic file (type pdf)
<use figures/hourly_24h/hourly_energy_ieee.pdf>
Package pdftex.def Info: figures/hourly_24h/hourly_energy_ieee.pdf  used on inp
ut line 126.
(pdftex.def)             Requested size: 239.39923pt x 173.61507pt.
<figures/hourly_24h/hourly_vehicle_completion_time_ieee.pdf, id=5, 249.81282pt 
x 181.15633pt>
File: figures/hourly_24h/hourly_vehicle_completion_time_ieee.pdf Graphic file (
type pdf)
<use figures/hourly_24h/hourly_vehicle_completion_time_ieee.pdf>
Package pdftex.def Info: figures/hourly_24h/hourly_vehicle_completion_time_ieee
.pdf  used on input line 131.
(pdftex.def)             Requested size: 239.39923pt x 173.61507pt.

LaTeX Warning: Citation `seoul2026' on page 1 undefined on input line 134.


LaTeX Warning: Citation `seoul2026' on page 1 undefined on input line 134.

<figures/k_sweep/k_sweep_normalized_energy_ieee.pdf, id=6, 249.81282pt x 181.15
633pt>
File: figures/k_sweep/k_sweep_normalized_energy_ieee.pdf Graphic file (type pdf
)
<use figures/k_sweep/k_sweep_normalized_energy_ieee.pdf>
Package pdftex.def Info: figures/k_sweep/k_sweep_normalized_energy_ieee.pdf  us
ed on input line 161.
(pdftex.def)             Requested size: 239.39923pt x 173.61507pt.
<figures/k_sweep/k_sweep_normalized_makespan_ieee.pdf, id=7, 249.81282pt x 181.
15633pt>
File: figures/k_sweep/k_sweep_normalized_makespan_ieee.pdf Graphic file (type p
df)
<use figures/k_sweep/k_sweep_normalized_makespan_ieee.pdf>
Package pdftex.def Info: figures/k_sweep/k_sweep_normalized_makespan_ieee.pdf  
used on input line 166.
(pdftex.def)             Requested size: 239.39923pt x 173.61507pt.
[1{c:/texlive/2025/texmf-var/fonts/map/pdftex/updmap/pdftex.map}{c:/texlive/202
5/texmf-dist/fonts/enc/dvips/base/8r.enc}

] [2 <./figures/route_comparison/route_h11_proposed_ieee.pdf> <./figures/route_
comparison/route_h11_aco_ieee.pdf> <./figures/route_comparison/route_h11_ga_iee
e.pdf> <./figures/hourly_24h/hourly_energy_ieee.pdf> <./figures/hourly_24h/hour
ly_vehicle_completion_time_ieee.pdf>]
<figures/online/online_final_energy_bar_ieee.pdf, id=84, 249.81282pt x 181.1563
3pt>
File: figures/online/online_final_energy_bar_ieee.pdf Graphic file (type pdf)
<use figures/online/online_final_energy_bar_ieee.pdf>
Package pdftex.def Info: figures/online/online_final_energy_bar_ieee.pdf  used 
on input line 226.
(pdftex.def)             Requested size: 165.12378pt x 119.74873pt.
<figures/online/online_snapshot_total_energy_ieee.pdf, id=85, 249.81282pt x 181
.15633pt>
File: figures/online/online_snapshot_total_energy_ieee.pdf Graphic file (type p
df)
<use figures/online/online_snapshot_total_energy_ieee.pdf>
Package pdftex.def Info: figures/online/online_snapshot_total_energy_ieee.pdf  
used on input line 231.
(pdftex.def)             Requested size: 165.12378pt x 119.74873pt.
<figures/online/online_replanning_latency_ieee.pdf, id=86, 249.81282pt x 181.15
633pt>
File: figures/online/online_replanning_latency_ieee.pdf Graphic file (type pdf)

<use figures/online/online_replanning_latency_ieee.pdf>
Package pdftex.def Info: figures/online/online_replanning_latency_ieee.pdf  use
d on input line 236.
(pdftex.def)             Requested size: 165.12378pt x 119.74873pt.

Underfull \hbox (badness 2073) in paragraph at lines 275--283
[]\OT1/ptm/m/n/10 Adaptive plan-ning is not uni-formly bet-ter than live-
 []

<figures/scalability/scalability_energy_per_bin_ieee.pdf, id=87, 249.81282pt x 
181.15633pt>
File: figures/scalability/scalability_energy_per_bin_ieee.pdf Graphic file (typ
e pdf)
<use figures/scalability/scalability_energy_per_bin_ieee.pdf>
Package pdftex.def Info: figures/scalability/scalability_energy_per_bin_ieee.pd
f  used on input line 291.
(pdftex.def)             Requested size: 165.12378pt x 119.74873pt.
<figures/scalability/scalability_total_energy_ieee.pdf, id=88, 249.81282pt x 18
1.15633pt>
File: figures/scalability/scalability_total_energy_ieee.pdf Graphic file (type 
pdf)
<use figures/scalability/scalability_total_energy_ieee.pdf>
Package pdftex.def Info: figures/scalability/scalability_total_energy_ieee.pdf 
 used on input line 296.
(pdftex.def)             Requested size: 165.12378pt x 119.74873pt.
<figures/scalability/scalability_makespan_ieee.pdf, id=89, 249.81282pt x 181.15
633pt>
File: figures/scalability/scalability_makespan_ieee.pdf Graphic file (type pdf)

<use figures/scalability/scalability_makespan_ieee.pdf>
Package pdftex.def Info: figures/scalability/scalability_makespan_ieee.pdf  use
d on input line 301.
(pdftex.def)             Requested size: 165.12378pt x 119.74873pt.

Underfull \vbox (badness 2318) has occurred while \output is active []


Underfull \hbox (badness 5504) in paragraph at lines 308--316
[]\OT1/ptm/m/n/10 The fi-nal ex-per-i-ment uses nested in-stances $\OML/cmm/m/i
t/10 N \OMS/cmsy/m/n/10 2
 []

) [3 <./figures/k_sweep/k_sweep_normalized_energy_ieee.pdf> <./figures/k_sweep/
k_sweep_normalized_makespan_ieee.pdf>] [4 <./figures/online/online_final_energy
_bar_ieee.pdf> <./figures/online/online_snapshot_total_energy_ieee.pdf> <./figu
res/online/online_replanning_latency_ieee.pdf>] [5 <./figures/scalability/scala
bility_energy_per_bin_ieee.pdf> <./figures/scalability/scalability_total_energy
_ieee.pdf> <./figures/scalability/scalability_makespan_ieee.pdf>]
(tmp/pdfs/performance_wrapper.aux)
 ***********
LaTeX2e <2025-11-01>
L3 programming layer <2026-01-19>
 ***********


LaTeX Warning: There were undefined references.

 ) 
Here is how much of TeX's memory you used:
 4034 strings out of 467532
 74120 string characters out of 5423641
 498947 words of memory out of 5000000
 32932 multiletter control sequences out of 15000+600000
 662687 words of font info for 104 fonts, out of 8000000 for 9000
 1141 hyphenation exceptions out of 8191
 57i,11n,65p,419b,377s stack positions out of 10000i,1000n,20000p,200000b,200000s
<c:/texlive/2025/texmf-dist/fonts/type1/public/amsfonts/cm/cmex10.pfb><c:/tex
live/2025/texmf-dist/fonts/type1/public/amsfonts/cm/cmmi10.pfb><c:/texlive/2025
/texmf-dist/fonts/type1/public/amsfonts/cm/cmmi6.pfb><c:/texlive/2025/texmf-dis
t/fonts/type1/public/amsfonts/cm/cmmi7.pfb><c:/texlive/2025/texmf-dist/fonts/ty
pe1/public/amsfonts/cm/cmmi8.pfb><c:/texlive/2025/texmf-dist/fonts/type1/public
/amsfonts/cm/cmmi9.pfb><c:/texlive/2025/texmf-dist/fonts/type1/public/amsfonts/
cm/cmr10.pfb><c:/texlive/2025/texmf-dist/fonts/type1/public/amsfonts/cm/cmr6.pf
b><c:/texlive/2025/texmf-dist/fonts/type1/public/amsfonts/cm/cmr8.pfb><c:/texli
ve/2025/texmf-dist/fonts/type1/public/amsfonts/cm/cmr9.pfb><c:/texlive/2025/tex
mf-dist/fonts/type1/public/amsfonts/cm/cmsy10.pfb><c:/texlive/2025/texmf-dist/f
onts/type1/public/amsfonts/cm/cmsy5.pfb><c:/texlive/2025/texmf-dist/fonts/type1
/public/amsfonts/cm/cmsy6.pfb><c:/texlive/2025/texmf-dist/fonts/type1/public/am
sfonts/cm/cmsy8.pfb><c:/texlive/2025/texmf-dist/fonts/type1/public/amsfonts/cm/
cmsy9.pfb><c:/texlive/2025/texmf-dist/fonts/type1/urw/times/utmb8a.pfb><c:/texl
ive/2025/texmf-dist/fonts/type1/urw/times/utmr8a.pfb><c:/texlive/2025/texmf-dis
t/fonts/type1/urw/times/utmri8a.pfb>
Output written on tmp/pdfs/performance_wrapper.pdf (5 pages, 4501689 bytes).
PDF statistics:
 318 PDF objects out of 1000 (max. 8388607)
 158 compressed objects within 2 object streams
 0 named destinations out of 1000 (max. 500000)
 66 words of extra memory for PDF output out of 10000 (max. 10000000)

