RUN C:\Users\guild\.conda\envs\tsp\python.exe -m scripts.k_sweep_multiseed --n-bins 84 --target-total-demand-kg 11700.0 --hours 4 11 19 --vehicles 6 7 8 9 10 11 12 13 14 --base-seeds 7 17 27 37 47 57 67 77 87 97 --parallel-jobs 3 --methods proposed nn aco pso ga --confidence-level 0.95 --bootstrap-draws 2000 --output C:\Users\guild\Dropbox\research\code\TSP_new_new\TSP-FactorGraph\results\k_sweep\monte_carlo\k_sweep_mc_runs.csv --figure-dir C:\Users\guild\Dropbox\research\code\TSP_new_new\TSP-FactorGraph\figures\k_sweep --max-rounds 32 --assignment-rounds 24 --damping 0.5 --tolerance 0.001 --improvement-tolerance 1e-09 --exact-global-limit 14 --maximum-exact-trellis-bins 84 --stagnation-patience 8 --oracle-slots 3 --hypercube-radii 1 2 4 8 12 16 24 32 --ga-population 100 --ga-generations 500 --pso-particles 60 --pso-iterations 200 --aco-ants 60 --aco-iterations 150 --focus-seeds 107 117 127 137 147 157 167 177 187 197 --focus-vehicles 6 7 8 --bootstrap-csv C:\Users\guild\Dropbox\research\code\TSP_new_new\TSP-FactorGraph\results\k_sweep\k_sweep_3h_all_methods.csv --resume
FIGURES UPDATED (27/360 instances): k_sweep_mc_energy_ieee.pdf, k_sweep_mc_energy_ieee.png, k_sweep_mc_makespan_ieee.pdf, k_sweep_mc_makespan_ieee.png, k_sweep_mc_normalized_energy_ieee.pdf, k_sweep_mc_normalized_energy_ieee.png, k_sweep_mc_normalized_makespan_ieee.pdf, k_sweep_mc_normalized_makespan_ieee.png
SKIP seed=7, hour=04, K=6 (all methods complete)
SKIP seed=7, hour=04, K=7 (all methods complete)
SKIP seed=7, hour=04, K=8 (all methods complete)
SKIP seed=7, hour=04, K=9 (all methods complete)
SKIP seed=7, hour=04, K=10 (all methods complete)
SKIP seed=7, hour=04, K=11 (all methods complete)
SKIP seed=7, hour=04, K=12 (all methods complete)
SKIP seed=7, hour=04, K=13 (all methods complete)
SKIP seed=7, hour=04, K=14 (all methods complete)
SKIP seed=7, hour=11, K=6 (all methods complete)
SKIP seed=7, hour=11, K=7 (all methods complete)
SKIP seed=7, hour=11, K=8 (all methods complete)
SKIP seed=7, hour=11, K=9 (all methods complete)
SKIP seed=7, hour=11, K=10 (all methods complete)
SKIP seed=7, hour=11, K=11 (all methods complete)
SKIP seed=7, hour=11, K=12 (all methods complete)
SKIP seed=7, hour=11, K=13 (all methods complete)
SKIP seed=7, hour=11, K=14 (all methods complete)
SKIP seed=7, hour=19, K=6 (all methods complete)
SKIP seed=7, hour=19, K=7 (all methods complete)
SKIP seed=7, hour=19, K=8 (all methods complete)
SKIP seed=7, hour=19, K=9 (all methods complete)
SKIP seed=7, hour=19, K=10 (all methods complete)
SKIP seed=7, hour=19, K=11 (all methods complete)
SKIP seed=7, hour=19, K=12 (all methods complete)
SKIP seed=7, hour=19, K=13 (all methods complete)
SKIP seed=7, hour=19, K=14 (all methods complete)
PARALLEL execution with 3 worker processes; each completed (seed, hour, K) process refreshes all figures
DONE proposed_n84_k7_h04_s17: E=73.097 kWh, solver=3143.89 s, oracle=21.12 s, feasible=True
DONE proposed_n84_k6_h04_s17: E=72.352 kWh, solver=4104.64 s, oracle=21.59 s, feasible=True
DONE proposed_n84_k8_h04_s17: E=74.212 kWh, solver=7112.88 s, oracle=21.65 s, feasible=True
DONE proposed_n84_k9_h04_s17: E=78.147 kWh, solver=3948.07 s, oracle=21.22 s, feasible=True
DONE proposed_n84_k10_h04_s17: E=79.847 kWh, solver=3649.06 s, oracle=20.02 s, feasible=True
DONE nn_n84_k10_h04_s17: E=102.591 kWh, solver=0.26 s, oracle=20.02 s, feasible=True
DONE aco_n84_k10_h04_s17: E=82.324 kWh, solver=26.56 s, oracle=20.02 s, feasible=True
DONE pso_n84_k10_h04_s17: E=96.792 kWh, solver=16.70 s, oracle=20.02 s, feasible=True
DONE ga_n84_k10_h04_s17: E=81.081 kWh, solver=23.91 s, oracle=20.02 s, feasible=True
DONE proposed_n84_k13_h04_s17: E=84.610 kWh, solver=3216.60 s, oracle=18.69 s, feasible=True
DONE nn_n84_k13_h04_s17: E=105.334 kWh, solver=0.35 s, oracle=18.69 s, feasible=True
DONE aco_n84_k13_h04_s17: E=86.505 kWh, solver=28.55 s, oracle=18.69 s, feasible=True
DONE pso_n84_k13_h04_s17: E=97.621 kWh, solver=19.44 s, oracle=18.69 s, feasible=True
DONE ga_n84_k13_h04_s17: E=88.880 kWh, solver=28.28 s, oracle=18.69 s, feasible=True
DONE proposed_n84_k11_h04_s17: E=76.716 kWh, solver=4246.35 s, oracle=20.17 s, feasible=True
DONE proposed_n84_k12_h04_s17: E=81.550 kWh, solver=5000.45 s, oracle=20.82 s, feasible=True
DONE nn_n84_k12_h04_s17: E=102.459 kWh, solver=0.42 s, oracle=20.82 s, feasible=True
DONE aco_n84_k12_h04_s17: E=85.515 kWh, solver=27.19 s, oracle=20.82 s, feasible=True
DONE pso_n84_k12_h04_s17: E=97.526 kWh, solver=16.96 s, oracle=20.82 s, feasible=True
DONE ga_n84_k12_h04_s17: E=86.913 kWh, solver=25.95 s, oracle=20.82 s, feasible=True
DONE proposed_n84_k6_h11_s17: E=163.309 kWh, solver=3316.67 s, oracle=19.12 s, feasible=True
DONE proposed_n84_k14_h04_s17: E=82.748 kWh, solver=3964.64 s, oracle=19.54 s, feasible=True
DONE proposed_n84_k7_h11_s17: E=154.403 kWh, solver=3422.49 s, oracle=18.06 s, feasible=True
DONE proposed_n84_k10_h11_s17: E=168.399 kWh, solver=2215.27 s, oracle=17.40 s, feasible=True
DONE nn_n84_k10_h11_s17: E=210.262 kWh, solver=0.36 s, oracle=17.40 s, feasible=True
DONE aco_n84_k10_h11_s17: E=172.263 kWh, solver=28.59 s, oracle=17.40 s, feasible=True
DONE pso_n84_k10_h11_s17: E=202.342 kWh, solver=17.55 s, oracle=17.40 s, feasible=True
DONE ga_n84_k10_h11_s17: E=176.103 kWh, solver=25.11 s, oracle=17.40 s, feasible=True
DONE proposed_n84_k8_h11_s17: E=160.823 kWh, solver=5329.58 s, oracle=17.77 s, feasible=True
DONE proposed_n84_k9_h11_s17: E=155.713 kWh, solver=5387.80 s, oracle=17.80 s, feasible=True
DONE proposed_n84_k11_h11_s17: E=163.592 kWh, solver=3439.34 s, oracle=18.51 s, feasible=True
DONE proposed_n84_k13_h11_s17: E=176.463 kWh, solver=2798.63 s, oracle=16.28 s, feasible=True
DONE proposed_n84_k12_h11_s17: E=169.011 kWh, solver=3406.60 s, oracle=16.49 s, feasible=True
DONE proposed_n84_k14_h11_s17: E=178.953 kWh, solver=5531.76 s, oracle=16.51 s, feasible=True
DONE proposed_n84_k6_h19_s17: E=102.578 kWh, solver=4643.65 s, oracle=16.67 s, feasible=True
DONE proposed_n84_k9_h19_s17: E=103.788 kWh, solver=1700.40 s, oracle=16.22 s, feasible=True
DONE proposed_n84_k8_h19_s17: E=100.173 kWh, solver=4018.83 s, oracle=16.60 s, feasible=True
DONE proposed_n84_k11_h19_s17: E=107.694 kWh, solver=2198.64 s, oracle=16.58 s, feasible=True
DONE proposed_n84_k7_h19_s17: E=98.121 kWh, solver=10432.40 s, oracle=16.88 s, feasible=True
DONE proposed_n84_k12_h19_s17: E=106.104 kWh, solver=1928.61 s, oracle=17.08 s, feasible=True
DONE proposed_n84_k13_h19_s17: E=107.474 kWh, solver=1347.35 s, oracle=16.60 s, feasible=True
DONE nn_n84_k13_h19_s17: E=133.805 kWh, solver=0.37 s, oracle=16.60 s, feasible=True
DONE aco_n84_k13_h19_s17: E=113.425 kWh, solver=25.56 s, oracle=16.60 s, feasible=True
DONE pso_n84_k13_h19_s17: E=127.761 kWh, solver=16.61 s, oracle=16.60 s, feasible=True
DONE ga_n84_k13_h19_s17: E=117.940 kWh, solver=28.68 s, oracle=16.60 s, feasible=True
DONE proposed_n84_k10_h19_s17: E=101.453 kWh, solver=6165.74 s, oracle=16.63 s, feasible=True
DONE proposed_n84_k14_h19_s17: E=109.210 kWh, solver=1879.85 s, oracle=16.46 s, feasible=True
DONE proposed_n84_k7_h04_s27: E=72.336 kWh, solver=3713.00 s, oracle=17.60 s, feasible=True
DONE proposed_n84_k8_h04_s27: E=73.837 kWh, solver=3817.16 s, oracle=17.67 s, feasible=True
DONE proposed_n84_k6_h04_s27: E=72.621 kWh, solver=5741.28 s, oracle=17.67 s, feasible=True
DONE proposed_n84_k9_h04_s27: E=78.039 kWh, solver=5653.73 s, oracle=17.42 s, feasible=True
DONE proposed_n84_k12_h04_s27: E=84.172 kWh, solver=2316.61 s, oracle=17.50 s, feasible=True
DONE proposed_n84_k10_h04_s27: E=79.647 kWh, solver=7885.06 s, oracle=17.67 s, feasible=True
DONE proposed_n84_k11_h04_s27: E=80.031 kWh, solver=8620.54 s, oracle=17.50 s, feasible=True
DONE proposed_n84_k14_h04_s27: E=83.994 kWh, solver=1799.73 s, oracle=17.47 s, feasible=True
DONE nn_n84_k14_h04_s27: E=105.158 kWh, solver=0.43 s, oracle=17.47 s, feasible=True
DONE aco_n84_k14_h04_s27: E=85.914 kWh, solver=24.96 s, oracle=17.47 s, feasible=True
DONE pso_n84_k14_h04_s27: E=94.667 kWh, solver=20.00 s, oracle=17.47 s, feasible=True
DONE ga_n84_k14_h04_s27: E=89.811 kWh, solver=33.07 s, oracle=17.47 s, feasible=True
DONE proposed_n84_k7_h11_s27: E=149.649 kWh, solver=4793.28 s, oracle=16.37 s, feasible=True
DONE proposed_n84_k13_h04_s27: E=83.630 kWh, solver=10900.56 s, oracle=17.35 s, feasible=True
DONE proposed_n84_k8_h11_s27: E=152.789 kWh, solver=6460.88 s, oracle=16.43 s, feasible=True
DONE proposed_n84_k10_h11_s27: E=158.785 kWh, solver=3534.77 s, oracle=16.52 s, feasible=True
DONE nn_n84_k10_h11_s27: E=200.999 kWh, solver=0.35 s, oracle=16.52 s, feasible=True
DONE aco_n84_k10_h11_s27: E=166.702 kWh, solver=27.10 s, oracle=16.52 s, feasible=True
DONE pso_n84_k10_h11_s27: E=190.625 kWh, solver=17.80 s, oracle=16.52 s, feasible=True
DONE ga_n84_k10_h11_s27: E=180.209 kWh, solver=28.72 s, oracle=16.52 s, feasible=True
DONE proposed_n84_k9_h11_s27: E=159.291 kWh, solver=7536.89 s, oracle=16.58 s, feasible=True
DONE proposed_n84_k11_h11_s27: E=161.492 kWh, solver=2203.93 s, oracle=16.38 s, feasible=True
DONE proposed_n84_k12_h11_s27: E=167.858 kWh, solver=3667.33 s, oracle=15.81 s, feasible=True
DONE proposed_n84_k13_h11_s27: E=172.459 kWh, solver=2035.08 s, oracle=15.92 s, feasible=True
DONE proposed_n84_k6_h11_s27: E=155.791 kWh, solver=23124.45 s, oracle=16.06 s, feasible=True
DONE proposed_n84_k6_h19_s27: E=98.937 kWh, solver=3733.47 s, oracle=18.51 s, feasible=True
DONE proposed_n84_k14_h11_s27: E=171.770 kWh, solver=4209.57 s, oracle=17.96 s, feasible=True
DONE proposed_n84_k8_h19_s27: E=102.077 kWh, solver=2528.16 s, oracle=15.41 s, feasible=True
DONE proposed_n84_k9_h19_s27: E=99.875 kWh, solver=2744.05 s, oracle=15.26 s, feasible=True
DONE proposed_n84_k10_h19_s27: E=101.688 kWh, solver=1793.01 s, oracle=15.45 s, feasible=True
DONE proposed_n84_k11_h19_s27: E=106.404 kWh, solver=1460.54 s, oracle=15.49 s, feasible=True
DONE nn_n84_k11_h19_s27: E=132.684 kWh, solver=0.31 s, oracle=15.49 s, feasible=True
DONE aco_n84_k11_h19_s27: E=109.749 kWh, solver=22.88 s, oracle=15.49 s, feasible=True
DONE pso_n84_k11_h19_s27: E=125.622 kWh, solver=12.67 s, oracle=15.49 s, feasible=True
DONE ga_n84_k11_h19_s27: E=118.233 kWh, solver=21.53 s, oracle=15.49 s, feasible=True
DONE proposed_n84_k7_h19_s27: E=101.263 kWh, solver=5823.02 s, oracle=15.02 s, feasible=True
DONE proposed_n84_k13_h19_s27: E=106.814 kWh, solver=637.35 s, oracle=15.53 s, feasible=True
DONE nn_n84_k13_h19_s27: E=136.958 kWh, solver=0.34 s, oracle=15.53 s, feasible=True
DONE aco_n84_k13_h19_s27: E=114.097 kWh, solver=22.83 s, oracle=15.53 s, feasible=True
DONE pso_n84_k13_h19_s27: E=123.390 kWh, solver=16.55 s, oracle=15.53 s, feasible=True
DONE ga_n84_k13_h19_s27: E=116.870 kWh, solver=29.14 s, oracle=15.53 s, feasible=True
DONE proposed_n84_k14_h19_s27: E=109.610 kWh, solver=2433.15 s, oracle=15.25 s, feasible=True
DONE nn_n84_k14_h19_s27: E=139.010 kWh, solver=0.34 s, oracle=15.25 s, feasible=True
DONE aco_n84_k14_h19_s27: E=115.855 kWh, solver=22.21 s, oracle=15.25 s, feasible=True
DONE pso_n84_k14_h19_s27: E=128.358 kWh, solver=18.33 s, oracle=15.25 s, feasible=True
DONE ga_n84_k14_h19_s27: E=117.287 kWh, solver=27.15 s, oracle=15.25 s, feasible=True
DONE proposed_n84_k12_h19_s27: E=105.783 kWh, solver=3541.76 s, oracle=15.40 s, feasible=True
DONE proposed_n84_k6_h04_s37: E=75.077 kWh, solver=5830.58 s, oracle=16.34 s, feasible=True
DONE proposed_n84_k8_h04_s37: E=76.010 kWh, solver=5544.74 s, oracle=16.44 s, feasible=True
DONE proposed_n84_k9_h04_s37: E=77.659 kWh, solver=2479.33 s, oracle=16.31 s, feasible=True
DONE proposed_n84_k10_h04_s37: E=77.949 kWh, solver=4389.09 s, oracle=16.38 s, feasible=True
DONE proposed_n84_k7_h04_s37: E=73.980 kWh, solver=11721.54 s, oracle=16.31 s, feasible=True
DONE proposed_n84_k12_h04_s37: E=80.669 kWh, solver=2411.85 s, oracle=16.11 s, feasible=True
DONE proposed_n84_k11_h04_s37: E=77.825 kWh, solver=6901.15 s, oracle=16.00 s, feasible=True
DONE proposed_n84_k14_h04_s37: E=81.598 kWh, solver=2136.28 s, oracle=16.39 s, feasible=True
DONE proposed_n84_k13_h04_s37: E=82.620 kWh, solver=5070.12 s, oracle=16.60 s, feasible=True
DONE proposed_n84_k7_h11_s37: E=164.958 kWh, solver=1762.27 s, oracle=15.21 s, feasible=True
DONE proposed_n84_k6_h11_s37: E=155.931 kWh, solver=15866.48 s, oracle=14.99 s, feasible=True
DONE proposed_n84_k9_h11_s37: E=157.493 kWh, solver=13676.01 s, oracle=15.05 s, feasible=True
DONE proposed_n84_k8_h11_s37: E=157.010 kWh, solver=16324.74 s, oracle=15.22 s, feasible=True
DONE proposed_n84_k10_h11_s37: E=163.696 kWh, solver=6728.11 s, oracle=15.06 s, feasible=True
DONE proposed_n84_k11_h11_s37: E=163.563 kWh, solver=7331.82 s, oracle=15.07 s, feasible=True
DONE proposed_n84_k12_h11_s37: E=166.436 kWh, solver=6444.69 s, oracle=15.11 s, feasible=True
DONE nn_n84_k12_h11_s37: E=206.567 kWh, solver=0.31 s, oracle=15.11 s, feasible=True
DONE aco_n84_k12_h11_s37: E=170.755 kWh, solver=22.14 s, oracle=15.11 s, feasible=True
DONE pso_n84_k12_h11_s37: E=200.034 kWh, solver=12.84 s, oracle=15.11 s, feasible=True
DONE ga_n84_k12_h11_s37: E=175.850 kWh, solver=21.07 s, oracle=15.11 s, feasible=True
DONE proposed_n84_k13_h11_s37: E=174.025 kWh, solver=5452.71 s, oracle=15.27 s, feasible=True
DONE proposed_n84_k7_h19_s37: E=97.929 kWh, solver=5330.67 s, oracle=15.58 s, feasible=True
DONE proposed_n84_k6_h19_s37: E=98.209 kWh, solver=7372.86 s, oracle=16.39 s, feasible=True
DONE proposed_n84_k14_h11_s37: E=171.432 kWh, solver=10820.67 s, oracle=15.14 s, feasible=True
DONE proposed_n84_k8_h19_s37: E=99.353 kWh, solver=3221.76 s, oracle=15.76 s, feasible=True
DONE proposed_n84_k9_h19_s37: E=102.280 kWh, solver=5286.89 s, oracle=15.98 s, feasible=True
DONE proposed_n84_k11_h19_s37: E=103.778 kWh, solver=2430.09 s, oracle=15.59 s, feasible=True
DONE proposed_n84_k12_h19_s37: E=105.298 kWh, solver=1928.70 s, oracle=15.67 s, feasible=True
DONE proposed_n84_k13_h19_s37: E=107.279 kWh, solver=4452.45 s, oracle=15.07 s, feasible=True
DONE proposed_n84_k10_h19_s37: E=101.794 kWh, solver=9805.71 s, oracle=15.49 s, feasible=True
DONE proposed_n84_k6_h04_s47: E=73.859 kWh, solver=5261.31 s, oracle=16.46 s, feasible=True
DONE proposed_n84_k14_h19_s37: E=108.410 kWh, solver=8480.13 s, oracle=16.05 s, feasible=True
DONE proposed_n84_k7_h04_s47: E=73.107 kWh, solver=4881.67 s, oracle=16.62 s, feasible=True
DONE proposed_n84_k8_h04_s47: E=74.226 kWh, solver=2213.13 s, oracle=16.21 s, feasible=True
DONE proposed_n84_k9_h04_s47: E=77.265 kWh, solver=1948.57 s, oracle=16.25 s, feasible=True
DONE proposed_n84_k10_h04_s47: E=81.367 kWh, solver=3698.55 s, oracle=16.28 s, feasible=True
DONE proposed_n84_k12_h04_s47: E=82.090 kWh, solver=2914.14 s, oracle=17.25 s, feasible=True
DONE nn_n84_k12_h04_s47: E=101.559 kWh, solver=0.30 s, oracle=17.25 s, feasible=True
DONE aco_n84_k12_h04_s47: E=85.379 kWh, solver=22.48 s, oracle=17.25 s, feasible=True
DONE pso_n84_k12_h04_s47: E=95.636 kWh, solver=16.82 s, oracle=17.25 s, feasible=True
DONE ga_n84_k12_h04_s47: E=86.844 kWh, solver=25.41 s, oracle=17.25 s, feasible=True
DONE proposed_n84_k11_h04_s47: E=79.653 kWh, solver=3533.39 s, oracle=16.35 s, feasible=True
DONE proposed_n84_k14_h04_s47: E=86.482 kWh, solver=1286.42 s, oracle=16.47 s, feasible=True
DONE nn_n84_k14_h04_s47: E=105.973 kWh, solver=0.33 s, oracle=16.47 s, feasible=True
DONE aco_n84_k14_h04_s47: E=87.785 kWh, solver=22.68 s, oracle=16.47 s, feasible=True
DONE pso_n84_k14_h04_s47: E=100.201 kWh, solver=17.44 s, oracle=16.47 s, feasible=True
DONE ga_n84_k14_h04_s47: E=89.704 kWh, solver=24.78 s, oracle=16.47 s, feasible=True
DONE proposed_n84_k13_h04_s47: E=80.628 kWh, solver=2714.51 s, oracle=16.05 s, feasible=True
DONE proposed_n84_k8_h11_s47: E=157.616 kWh, solver=1335.35 s, oracle=15.12 s, feasible=True
DONE proposed_n84_k9_h11_s47: E=158.004 kWh, solver=2330.94 s, oracle=15.45 s, feasible=True
DONE proposed_n84_k7_h11_s47: E=151.653 kWh, solver=6803.75 s, oracle=15.06 s, feasible=True
DONE proposed_n84_k10_h11_s47: E=162.796 kWh, solver=3140.71 s, oracle=15.10 s, feasible=True
DONE proposed_n84_k6_h11_s47: E=159.275 kWh, solver=9817.26 s, oracle=15.35 s, feasible=True
DONE proposed_n84_k11_h11_s47: E=164.087 kWh, solver=2799.21 s, oracle=15.20 s, feasible=True
DONE proposed_n84_k13_h11_s47: E=175.710 kWh, solver=2080.52 s, oracle=15.34 s, feasible=True
DONE proposed_n84_k12_h11_s47: E=165.558 kWh, solver=3412.40 s, oracle=15.24 s, feasible=True
DONE proposed_n84_k14_h11_s47: E=173.785 kWh, solver=3871.30 s, oracle=15.36 s, feasible=True
DONE proposed_n84_k7_h19_s47: E=99.153 kWh, solver=5127.93 s, oracle=15.56 s, feasible=True
DONE proposed_n84_k8_h19_s47: E=100.028 kWh, solver=3175.62 s, oracle=16.37 s, feasible=True
DONE proposed_n84_k9_h19_s47: E=101.282 kWh, solver=1489.79 s, oracle=15.50 s, feasible=True
DONE proposed_n84_k6_h19_s47: E=102.337 kWh, solver=8444.57 s, oracle=15.54 s, feasible=True
DONE proposed_n84_k10_h19_s47: E=102.469 kWh, solver=2949.23 s, oracle=15.41 s, feasible=True
DONE proposed_n84_k11_h19_s47: E=104.847 kWh, solver=1928.26 s, oracle=16.25 s, feasible=True
DONE proposed_n84_k14_h19_s47: E=109.333 kWh, solver=1451.30 s, oracle=15.44 s, feasible=True
DONE nn_n84_k14_h19_s47: E=138.763 kWh, solver=0.33 s, oracle=15.44 s, feasible=True
DONE aco_n84_k14_h19_s47: E=113.720 kWh, solver=23.14 s, oracle=15.44 s, feasible=True
DONE pso_n84_k14_h19_s47: E=129.640 kWh, solver=17.32 s, oracle=15.44 s, feasible=True
DONE ga_n84_k14_h19_s47: E=118.857 kWh, solver=27.40 s, oracle=15.44 s, feasible=True
DONE proposed_n84_k13_h19_s47: E=108.255 kWh, solver=2151.42 s, oracle=15.45 s, feasible=True
DONE proposed_n84_k12_h19_s47: E=108.421 kWh, solver=3072.42 s, oracle=15.74 s, feasible=True
DONE proposed_n84_k7_h04_s57: E=74.087 kWh, solver=2601.77 s, oracle=16.50 s, feasible=True
DONE proposed_n84_k6_h04_s57: E=72.301 kWh, solver=4398.96 s, oracle=16.47 s, feasible=True
DONE proposed_n84_k9_h04_s57: E=75.947 kWh, solver=2000.06 s, oracle=16.45 s, feasible=True
DONE proposed_n84_k8_h04_s57: E=73.389 kWh, solver=4329.94 s, oracle=16.60 s, feasible=True
DONE proposed_n84_k10_h04_s57: E=75.779 kWh, solver=2691.68 s, oracle=16.60 s, feasible=True
DONE proposed_n84_k11_h04_s57: E=80.207 kWh, solver=1883.10 s, oracle=15.95 s, feasible=True
DONE nn_n84_k11_h04_s57: E=102.794 kWh, solver=0.26 s, oracle=15.95 s, feasible=True
DONE aco_n84_k11_h04_s57: E=83.132 kWh, solver=21.65 s, oracle=15.95 s, feasible=True
DONE pso_n84_k11_h04_s57: E=96.930 kWh, solver=14.29 s, oracle=15.95 s, feasible=True
DONE ga_n84_k11_h04_s57: E=83.639 kWh, solver=22.16 s, oracle=15.95 s, feasible=True
DONE proposed_n84_k12_h04_s57: E=81.080 kWh, solver=2960.89 s, oracle=16.25 s, feasible=True
DONE proposed_n84_k14_h04_s57: E=83.479 kWh, solver=2246.12 s, oracle=16.45 s, feasible=True
DONE proposed_n84_k13_h04_s57: E=83.227 kWh, solver=3682.94 s, oracle=15.90 s, feasible=True
DONE nn_n84_k13_h04_s57: E=105.638 kWh, solver=0.32 s, oracle=15.90 s, feasible=True
DONE aco_n84_k13_h04_s57: E=84.930 kWh, solver=22.16 s, oracle=15.90 s, feasible=True
DONE pso_n84_k13_h04_s57: E=97.548 kWh, solver=16.73 s, oracle=15.90 s, feasible=True
DONE ga_n84_k13_h04_s57: E=89.025 kWh, solver=25.91 s, oracle=15.90 s, feasible=True
DONE proposed_n84_k7_h11_s57: E=153.362 kWh, solver=2924.05 s, oracle=15.25 s, feasible=True
DONE proposed_n84_k8_h11_s57: E=157.928 kWh, solver=2608.14 s, oracle=15.53 s, feasible=True
DONE proposed_n84_k10_h11_s57: E=172.411 kWh, solver=1046.75 s, oracle=15.56 s, feasible=True
DONE proposed_n84_k9_h11_s57: E=157.826 kWh, solver=3125.91 s, oracle=15.56 s, feasible=True
DONE proposed_n84_k11_h11_s57: E=175.279 kWh, solver=1230.63 s, oracle=15.26 s, feasible=True
DONE proposed_n84_k6_h11_s57: E=152.902 kWh, solver=8322.68 s, oracle=15.34 s, feasible=True
DONE proposed_n84_k14_h11_s57: E=175.670 kWh, solver=2493.05 s, oracle=15.07 s, feasible=True
DONE proposed_n84_k13_h11_s57: E=170.908 kWh, solver=3455.59 s, oracle=15.17 s, feasible=True
DONE proposed_n84_k12_h11_s57: E=169.436 kWh, solver=3942.00 s, oracle=15.34 s, feasible=True
DONE proposed_n84_k8_h19_s57: E=102.119 kWh, solver=3539.75 s, oracle=18.87 s, feasible=True
DONE proposed_n84_k7_h19_s57: E=101.774 kWh, solver=4020.37 s, oracle=15.92 s, feasible=True
DONE proposed_n84_k10_h19_s57: E=102.412 kWh, solver=1150.09 s, oracle=15.96 s, feasible=True
DONE proposed_n84_k11_h19_s57: E=106.454 kWh, solver=1310.03 s, oracle=15.70 s, feasible=True
DONE proposed_n84_k6_h19_s57: E=102.702 kWh, solver=6993.36 s, oracle=15.53 s, feasible=True
DONE proposed_n84_k9_h19_s57: E=99.952 kWh, solver=3339.73 s, oracle=15.59 s, feasible=True
DONE proposed_n84_k13_h19_s57: E=105.799 kWh, solver=1978.94 s, oracle=15.81 s, feasible=True
DONE proposed_n84_k12_h19_s57: E=106.129 kWh, solver=2218.37 s, oracle=15.58 s, feasible=True
DONE nn_n84_k12_h19_s57: E=131.959 kWh, solver=0.29 s, oracle=15.58 s, feasible=True
DONE aco_n84_k12_h19_s57: E=112.254 kWh, solver=21.92 s, oracle=15.58 s, feasible=True
DONE pso_n84_k12_h19_s57: E=128.936 kWh, solver=14.72 s, oracle=15.58 s, feasible=True
DONE ga_n84_k12_h19_s57: E=117.885 kWh, solver=21.22 s, oracle=15.58 s, feasible=True
DONE proposed_n84_k14_h19_s57: E=109.741 kWh, solver=2651.33 s, oracle=15.98 s, feasible=True
DONE proposed_n84_k8_h04_s67: E=73.162 kWh, solver=3189.64 s, oracle=16.45 s, feasible=True
DONE proposed_n84_k7_h04_s67: E=73.544 kWh, solver=5367.83 s, oracle=16.55 s, feasible=True
DONE proposed_n84_k10_h04_s67: E=76.142 kWh, solver=1989.26 s, oracle=16.46 s, feasible=True
DONE proposed_n84_k9_h04_s67: E=78.331 kWh, solver=3254.11 s, oracle=16.37 s, feasible=True
DONE proposed_n84_k6_h04_s67: E=74.043 kWh, solver=7629.38 s, oracle=16.02 s, feasible=True
DONE proposed_n84_k11_h04_s67: E=76.267 kWh, solver=2353.88 s, oracle=16.18 s, feasible=True
DONE proposed_n84_k12_h04_s67: E=85.284 kWh, solver=2381.18 s, oracle=16.17 s, feasible=True
DONE proposed_n84_k14_h04_s67: E=82.497 kWh, solver=2099.54 s, oracle=16.08 s, feasible=True
DONE proposed_n84_k7_h11_s67: E=156.790 kWh, solver=2801.77 s, oracle=15.47 s, feasible=True
DONE proposed_n84_k6_h11_s67: E=158.519 kWh, solver=5002.07 s, oracle=15.18 s, feasible=True
DONE proposed_n84_k13_h04_s67: E=81.704 kWh, solver=7846.72 s, oracle=16.59 s, feasible=True
DONE proposed_n84_k9_h11_s67: E=174.332 kWh, solver=581.01 s, oracle=15.35 s, feasible=True
DONE proposed_n84_k11_h11_s67: E=170.619 kWh, solver=1463.98 s, oracle=14.84 s, feasible=True
DONE proposed_n84_k10_h11_s67: E=168.389 kWh, solver=2267.14 s, oracle=14.89 s, feasible=True
DONE proposed_n84_k8_h11_s67: E=158.970 kWh, solver=3564.73 s, oracle=15.12 s, feasible=True
DONE proposed_n84_k13_h11_s67: E=171.638 kWh, solver=978.47 s, oracle=15.38 s, feasible=True
DONE proposed_n84_k12_h11_s67: E=171.068 kWh, solver=2770.81 s, oracle=15.40 s, feasible=True
DONE proposed_n84_k14_h11_s67: E=178.386 kWh, solver=1541.33 s, oracle=14.84 s, feasible=True
DONE nn_n84_k14_h11_s67: E=209.154 kWh, solver=0.33 s, oracle=14.84 s, feasible=True
DONE aco_n84_k14_h11_s67: E=179.157 kWh, solver=22.82 s, oracle=14.84 s, feasible=True
DONE pso_n84_k14_h11_s67: E=194.863 kWh, solver=15.00 s, oracle=14.84 s, feasible=True
DONE ga_n84_k14_h11_s67: E=191.118 kWh, solver=28.24 s, oracle=14.84 s, feasible=True
DONE proposed_n84_k8_h19_s67: E=99.043 kWh, solver=1553.77 s, oracle=15.75 s, feasible=True
DONE proposed_n84_k7_h19_s67: E=98.362 kWh, solver=4488.70 s, oracle=15.49 s, feasible=True
DONE proposed_n84_k10_h19_s67: E=101.503 kWh, solver=2471.21 s, oracle=15.75 s, feasible=True
DONE proposed_n84_k11_h19_s67: E=103.287 kWh, solver=1813.81 s, oracle=15.84 s, feasible=True
DONE proposed_n84_k6_h19_s67: E=98.401 kWh, solver=10439.82 s, oracle=16.41 s, feasible=True
DONE proposed_n84_k13_h19_s67: E=107.555 kWh, solver=882.37 s, oracle=15.47 s, feasible=True
DONE nn_n84_k13_h19_s67: E=133.773 kWh, solver=0.37 s, oracle=15.47 s, feasible=True
DONE aco_n84_k13_h19_s67: E=113.381 kWh, solver=22.66 s, oracle=15.47 s, feasible=True
DONE pso_n84_k13_h19_s67: E=129.086 kWh, solver=13.81 s, oracle=15.47 s, feasible=True
DONE ga_n84_k13_h19_s67: E=116.512 kWh, solver=26.69 s, oracle=15.47 s, feasible=True
DONE proposed_n84_k9_h19_s67: E=100.427 kWh, solver=9197.94 s, oracle=15.60 s, feasible=True
DONE proposed_n84_k12_h19_s67: E=106.056 kWh, solver=2591.49 s, oracle=16.07 s, feasible=True
DONE proposed_n84_k14_h19_s67: E=108.287 kWh, solver=1301.96 s, oracle=15.60 s, feasible=True
DONE proposed_n84_k7_h04_s77: E=73.074 kWh, solver=4783.47 s, oracle=16.50 s, feasible=True
DONE proposed_n84_k6_h04_s77: E=73.819 kWh, solver=5442.29 s, oracle=15.96 s, feasible=True
DONE proposed_n84_k8_h04_s77: E=74.443 kWh, solver=6410.73 s, oracle=16.52 s, feasible=True
DONE proposed_n84_k10_h04_s77: E=82.021 kWh, solver=3757.06 s, oracle=16.18 s, feasible=True
DONE proposed_n84_k9_h04_s77: E=77.998 kWh, solver=9102.86 s, oracle=15.95 s, feasible=True
DONE proposed_n84_k11_h04_s77: E=81.797 kWh, solver=8911.09 s, oracle=16.03 s, feasible=True
DONE proposed_n84_k12_h04_s77: E=79.421 kWh, solver=7036.12 s, oracle=16.35 s, feasible=True
DONE proposed_n84_k13_h04_s77: E=83.772 kWh, solver=8183.17 s, oracle=16.19 s, feasible=True
DONE nn_n84_k13_h04_s77: E=105.300 kWh, solver=0.32 s, oracle=16.19 s, feasible=True
DONE aco_n84_k13_h04_s77: E=84.203 kWh, solver=22.27 s, oracle=16.19 s, feasible=True
DONE pso_n84_k13_h04_s77: E=96.351 kWh, solver=15.98 s, oracle=16.19 s, feasible=True
DONE ga_n84_k13_h04_s77: E=91.114 kWh, solver=22.33 s, oracle=16.19 s, feasible=True
DONE proposed_n84_k6_h11_s77: E=151.146 kWh, solver=8093.28 s, oracle=15.07 s, feasible=True
DONE proposed_n84_k14_h04_s77: E=81.490 kWh, solver=9307.20 s, oracle=16.13 s, feasible=True
DONE nn_n84_k14_h04_s77: E=107.097 kWh, solver=0.32 s, oracle=16.13 s, feasible=True
DONE aco_n84_k14_h04_s77: E=86.277 kWh, solver=22.22 s, oracle=16.13 s, feasible=True
DONE pso_n84_k14_h04_s77: E=99.247 kWh, solver=16.03 s, oracle=16.13 s, feasible=True
DONE ga_n84_k14_h04_s77: E=92.810 kWh, solver=24.67 s, oracle=16.13 s, feasible=True
DONE proposed_n84_k8_h11_s77: E=154.008 kWh, solver=3804.98 s, oracle=15.06 s, feasible=True
DONE proposed_n84_k7_h11_s77: E=152.927 kWh, solver=8056.42 s, oracle=15.12 s, feasible=True
DONE proposed_n84_k9_h11_s77: E=161.875 kWh, solver=7825.29 s, oracle=14.96 s, feasible=True
DONE proposed_n84_k10_h11_s77: E=159.409 kWh, solver=6569.04 s, oracle=14.74 s, feasible=True
DONE proposed_n84_k12_h11_s77: E=164.948 kWh, solver=3167.94 s, oracle=15.03 s, feasible=True
DONE proposed_n84_k13_h11_s77: E=168.029 kWh, solver=5106.38 s, oracle=15.09 s, feasible=True
DONE nn_n84_k13_h11_s77: E=202.440 kWh, solver=0.31 s, oracle=15.09 s, feasible=True
DONE aco_n84_k13_h11_s77: E=173.668 kWh, solver=22.54 s, oracle=15.09 s, feasible=True
DONE pso_n84_k13_h11_s77: E=190.160 kWh, solver=15.78 s, oracle=15.09 s, feasible=True
DONE ga_n84_k13_h11_s77: E=187.177 kWh, solver=21.14 s, oracle=15.09 s, feasible=True
DONE proposed_n84_k11_h11_s77: E=163.324 kWh, solver=12440.40 s, oracle=15.14 s, feasible=True
DONE proposed_n84_k6_h19_s77: E=102.225 kWh, solver=5321.59 s, oracle=15.31 s, feasible=True
DONE proposed_n84_k7_h19_s77: E=99.510 kWh, solver=5971.36 s, oracle=15.33 s, feasible=True
DONE proposed_n84_k14_h11_s77: E=175.926 kWh, solver=12816.56 s, oracle=14.85 s, feasible=True
DONE proposed_n84_k8_h19_s77: E=100.657 kWh, solver=5684.01 s, oracle=15.92 s, feasible=True
DONE proposed_n84_k10_h19_s77: E=107.494 kWh, solver=2530.25 s, oracle=16.17 s, feasible=True
DONE proposed_n84_k9_h19_s77: E=99.505 kWh, solver=2907.24 s, oracle=17.16 s, feasible=True
DONE proposed_n84_k11_h19_s77: E=103.223 kWh, solver=2477.88 s, oracle=15.81 s, feasible=True
DONE proposed_n84_k13_h19_s77: E=106.490 kWh, solver=2014.65 s, oracle=15.32 s, feasible=True
DONE nn_n84_k13_h19_s77: E=139.568 kWh, solver=0.31 s, oracle=15.32 s, feasible=True
DONE aco_n84_k13_h19_s77: E=109.837 kWh, solver=22.53 s, oracle=15.32 s, feasible=True
DONE pso_n84_k13_h19_s77: E=124.169 kWh, solver=16.78 s, oracle=15.32 s, feasible=True
DONE ga_n84_k13_h19_s77: E=113.223 kWh, solver=22.98 s, oracle=15.32 s, feasible=True
DONE proposed_n84_k12_h19_s77: E=105.159 kWh, solver=3082.19 s, oracle=15.56 s, feasible=True
DONE proposed_n84_k7_h04_s87: E=74.059 kWh, solver=3311.40 s, oracle=15.65 s, feasible=True
DONE proposed_n84_k14_h19_s77: E=108.541 kWh, solver=6659.70 s, oracle=15.50 s, feasible=True
DONE nn_n84_k14_h19_s77: E=136.411 kWh, solver=0.34 s, oracle=15.50 s, feasible=True
DONE aco_n84_k14_h19_s77: E=112.668 kWh, solver=23.72 s, oracle=15.50 s, feasible=True
DONE pso_n84_k14_h19_s77: E=129.081 kWh, solver=14.14 s, oracle=15.50 s, feasible=True
DONE ga_n84_k14_h19_s77: E=121.245 kWh, solver=36.12 s, oracle=15.50 s, feasible=True
DONE proposed_n84_k6_h04_s87: E=76.646 kWh, solver=7865.02 s, oracle=16.27 s, feasible=True
DONE proposed_n84_k8_h04_s87: E=73.447 kWh, solver=6199.21 s, oracle=15.98 s, feasible=True
DONE proposed_n84_k10_h04_s87: E=78.856 kWh, solver=4009.55 s, oracle=15.88 s, feasible=True
DONE proposed_n84_k9_h04_s87: E=76.468 kWh, solver=5925.83 s, oracle=15.78 s, feasible=True
DONE proposed_n84_k13_h04_s87: E=86.346 kWh, solver=2492.70 s, oracle=15.99 s, feasible=True
DONE proposed_n84_k11_h04_s87: E=84.400 kWh, solver=4397.83 s, oracle=15.92 s, feasible=True
DONE proposed_n84_k14_h04_s87: E=83.692 kWh, solver=3428.27 s, oracle=16.12 s, feasible=True
DONE nn_n84_k14_h04_s87: E=114.407 kWh, solver=0.39 s, oracle=16.12 s, feasible=True
DONE aco_n84_k14_h04_s87: E=87.420 kWh, solver=22.59 s, oracle=16.12 s, feasible=True
DONE pso_n84_k14_h04_s87: E=106.920 kWh, solver=16.78 s, oracle=16.12 s, feasible=True
DONE ga_n84_k14_h04_s87: E=95.421 kWh, solver=22.19 s, oracle=16.12 s, feasible=True
DONE proposed_n84_k12_h04_s87: E=82.962 kWh, solver=12704.76 s, oracle=15.61 s, feasible=True
DONE proposed_n84_k7_h11_s87: E=154.630 kWh, solver=10186.29 s, oracle=15.40 s, feasible=True
DONE proposed_n84_k6_h11_s87: E=156.902 kWh, solver=17367.96 s, oracle=14.79 s, feasible=True
DONE proposed_n84_k10_h11_s87: E=158.666 kWh, solver=5110.46 s, oracle=14.90 s, feasible=True
DONE proposed_n84_k8_h11_s87: E=159.259 kWh, solver=17238.47 s, oracle=14.89 s, feasible=True
DONE proposed_n84_k9_h11_s87: E=158.850 kWh, solver=15099.90 s, oracle=15.08 s, feasible=True
DONE proposed_n84_k12_h11_s87: E=166.612 kWh, solver=8077.64 s, oracle=14.87 s, feasible=True
DONE nn_n84_k12_h11_s87: E=197.438 kWh, solver=0.31 s, oracle=14.87 s, feasible=True
DONE aco_n84_k12_h11_s87: E=170.739 kWh, solver=22.55 s, oracle=14.87 s, feasible=True
DONE pso_n84_k12_h11_s87: E=187.766 kWh, solver=13.58 s, oracle=14.87 s, feasible=True
DONE ga_n84_k12_h11_s87: E=178.728 kWh, solver=21.24 s, oracle=14.87 s, feasible=True
DONE proposed_n84_k11_h11_s87: E=162.134 kWh, solver=14628.20 s, oracle=15.10 s, feasible=True
DONE proposed_n84_k13_h11_s87: E=169.177 kWh, solver=9474.67 s, oracle=15.43 s, feasible=True
DONE proposed_n84_k7_h19_s87: E=98.591 kWh, solver=3828.05 s, oracle=15.19 s, feasible=True
DONE proposed_n84_k6_h19_s87: E=101.080 kWh, solver=6581.86 s, oracle=15.00 s, feasible=True
DONE proposed_n84_k8_h19_s87: E=100.349 kWh, solver=3889.32 s, oracle=14.98 s, feasible=True
DONE proposed_n84_k9_h19_s87: E=100.685 kWh, solver=2265.09 s, oracle=15.35 s, feasible=True
DONE proposed_n84_k14_h11_s87: E=172.157 kWh, solver=10829.15 s, oracle=15.12 s, feasible=True
DONE proposed_n84_k12_h19_s87: E=105.412 kWh, solver=3557.26 s, oracle=15.35 s, feasible=True
DONE proposed_n84_k11_h19_s87: E=105.045 kWh, solver=3735.45 s, oracle=15.15 s, feasible=True
DONE proposed_n84_k13_h19_s87: E=107.266 kWh, solver=1087.28 s, oracle=14.65 s, feasible=True
DONE proposed_n84_k10_h19_s87: E=101.495 kWh, solver=5576.30 s, oracle=15.18 s, feasible=True
DONE proposed_n84_k14_h19_s87: E=109.593 kWh, solver=5731.36 s, oracle=14.92 s, feasible=True
DONE proposed_n84_k8_h04_s97: E=74.567 kWh, solver=3207.43 s, oracle=16.42 s, feasible=True
DONE proposed_n84_k7_h04_s97: E=72.335 kWh, solver=13676.64 s, oracle=16.03 s, feasible=True
DONE proposed_n84_k9_h04_s97: E=76.686 kWh, solver=8426.96 s, oracle=16.14 s, feasible=True
DONE proposed_n84_k6_h04_s97: E=74.600 kWh, solver=19253.35 s, oracle=15.90 s, feasible=True
DONE proposed_n84_k11_h04_s97: E=83.609 kWh, solver=13940.88 s, oracle=16.11 s, feasible=True
DONE proposed_n84_k10_h04_s97: E=77.233 kWh, solver=16084.43 s, oracle=16.82 s, feasible=True
DONE proposed_n84_k12_h04_s97: E=79.273 kWh, solver=11357.32 s, oracle=15.98 s, feasible=True
DONE proposed_n84_k14_h04_s97: E=81.347 kWh, solver=8410.57 s, oracle=15.84 s, feasible=True
DONE proposed_n84_k7_h11_s97: E=154.976 kWh, solver=7046.69 s, oracle=14.92 s, feasible=True
DONE proposed_n84_k13_h04_s97: E=80.824 kWh, solver=16085.80 s, oracle=15.85 s, feasible=True
DONE proposed_n84_k6_h11_s97: E=154.805 kWh, solver=21334.68 s, oracle=14.62 s, feasible=True
DONE proposed_n84_k8_h11_s97: E=155.765 kWh, solver=6430.12 s, oracle=14.98 s, feasible=True
DONE proposed_n84_k9_h11_s97: E=155.303 kWh, solver=7278.79 s, oracle=14.88 s, feasible=True
DONE proposed_n84_k12_h11_s97: E=167.693 kWh, solver=5791.74 s, oracle=15.27 s, feasible=True
DONE nn_n84_k12_h11_s97: E=197.027 kWh, solver=0.31 s, oracle=15.27 s, feasible=True
DONE aco_n84_k12_h11_s97: E=174.143 kWh, solver=22.02 s, oracle=15.27 s, feasible=True
DONE pso_n84_k12_h11_s97: E=190.648 kWh, solver=13.81 s, oracle=15.27 s, feasible=True
DONE ga_n84_k12_h11_s97: E=180.514 kWh, solver=19.58 s, oracle=15.27 s, feasible=True
DONE proposed_n84_k10_h11_s97: E=164.931 kWh, solver=11044.35 s, oracle=14.99 s, feasible=True
DONE proposed_n84_k13_h11_s97: E=173.348 kWh, solver=6100.66 s, oracle=16.14 s, feasible=True
DONE nn_n84_k13_h11_s97: E=199.239 kWh, solver=0.33 s, oracle=16.14 s, feasible=True
DONE aco_n84_k13_h11_s97: E=178.407 kWh, solver=22.31 s, oracle=16.14 s, feasible=True
DONE pso_n84_k13_h11_s97: E=192.329 kWh, solver=12.95 s, oracle=16.14 s, feasible=True
DONE ga_n84_k13_h11_s97: E=179.964 kWh, solver=19.14 s, oracle=16.14 s, feasible=True
DONE proposed_n84_k11_h11_s97: E=161.229 kWh, solver=13458.60 s, oracle=15.22 s, feasible=True
DONE proposed_n84_k14_h11_s97: E=174.935 kWh, solver=4770.16 s, oracle=15.01 s, feasible=True
DONE proposed_n84_k7_h19_s97: E=101.427 kWh, solver=7121.23 s, oracle=15.19 s, feasible=True
DONE proposed_n84_k6_h19_s97: E=101.872 kWh, solver=7274.21 s, oracle=15.24 s, feasible=True
DONE proposed_n84_k8_h19_s97: E=99.385 kWh, solver=6342.48 s, oracle=15.66 s, feasible=True
DONE proposed_n84_k11_h19_s97: E=105.285 kWh, solver=1005.26 s, oracle=16.90 s, feasible=True
DONE proposed_n84_k9_h19_s97: E=100.798 kWh, solver=2691.74 s, oracle=16.41 s, feasible=True
DONE proposed_n84_k13_h19_s97: E=107.047 kWh, solver=753.74 s, oracle=15.97 s, feasible=True
DONE proposed_n84_k14_h19_s97: E=108.346 kWh, solver=1162.04 s, oracle=16.03 s, feasible=True
DONE proposed_n84_k10_h19_s97: E=101.169 kWh, solver=5548.38 s, oracle=16.06 s, feasible=True
DONE proposed_n84_k12_h19_s97: E=111.025 kWh, solver=5513.16 s, oracle=16.61 s, feasible=True
DONE proposed_n84_k7_h04_s107: E=73.989 kWh, solver=5137.39 s, oracle=17.13 s, feasible=True
DONE proposed_n84_k6_h04_s107: E=74.917 kWh, solver=11366.44 s, oracle=17.70 s, feasible=True
DONE proposed_n84_k8_h04_s107: E=74.756 kWh, solver=9464.14 s, oracle=17.86 s, feasible=True
DONE proposed_n84_k6_h11_s107: E=153.746 kWh, solver=8679.84 s, oracle=15.80 s, feasible=True
DONE proposed_n84_k6_h19_s107: E=102.384 kWh, solver=6237.81 s, oracle=15.80 s, feasible=True
DONE proposed_n84_k8_h11_s107: E=153.031 kWh, solver=10078.83 s, oracle=15.26 s, feasible=True
DONE proposed_n84_k7_h11_s107: E=153.236 kWh, solver=11347.93 s, oracle=15.42 s, feasible=True
DONE proposed_n84_k6_h04_s117: E=74.708 kWh, solver=3201.69 s, oracle=16.58 s, feasible=True
DONE proposed_n84_k8_h19_s107: E=99.764 kWh, solver=3558.12 s, oracle=15.97 s, feasible=True
DONE proposed_n84_k7_h19_s107: E=102.472 kWh, solver=5730.07 s, oracle=15.84 s, feasible=True
DONE proposed_n84_k8_h04_s117: E=74.634 kWh, solver=3865.55 s, oracle=16.47 s, feasible=True
DONE proposed_n84_k7_h04_s117: E=75.331 kWh, solver=4700.41 s, oracle=16.44 s, feasible=True
DONE proposed_n84_k6_h11_s117: E=159.245 kWh, solver=4731.00 s, oracle=15.49 s, feasible=True
DONE proposed_n84_k8_h11_s117: E=160.443 kWh, solver=4148.89 s, oracle=15.32 s, feasible=True
DONE proposed_n84_k7_h11_s117: E=157.765 kWh, solver=5653.18 s, oracle=15.34 s, feasible=True
DONE proposed_n84_k6_h19_s117: E=104.400 kWh, solver=4555.17 s, oracle=16.03 s, feasible=True
DONE proposed_n84_k7_h19_s117: E=103.004 kWh, solver=2755.05 s, oracle=15.93 s, feasible=True
DONE proposed_n84_k8_h19_s117: E=102.657 kWh, solver=2416.51 s, oracle=15.90 s, feasible=True
DONE proposed_n84_k8_h04_s127: E=73.905 kWh, solver=3436.06 s, oracle=16.80 s, feasible=True
DONE proposed_n84_k7_h04_s127: E=73.189 kWh, solver=5880.67 s, oracle=16.55 s, feasible=True
DONE proposed_n84_k7_h11_s127: E=160.165 kWh, solver=3169.07 s, oracle=15.40 s, feasible=True
DONE proposed_n84_k6_h11_s127: E=159.549 kWh, solver=10258.73 s, oracle=15.43 s, feasible=True
DONE proposed_n84_k6_h04_s127: E=73.719 kWh, solver=16172.12 s, oracle=16.49 s, feasible=True
DONE proposed_n84_k8_h11_s127: E=154.188 kWh, solver=10365.48 s, oracle=15.53 s, feasible=True
DONE proposed_n84_k7_h19_s127: E=102.095 kWh, solver=4830.78 s, oracle=15.67 s, feasible=True
DONE proposed_n84_k6_h19_s127: E=104.422 kWh, solver=6999.60 s, oracle=15.94 s, feasible=True
DONE proposed_n84_k8_h19_s127: E=100.238 kWh, solver=3847.59 s, oracle=15.44 s, feasible=True
DONE proposed_n84_k6_h04_s137: E=73.399 kWh, solver=6626.38 s, oracle=16.78 s, feasible=True
DONE proposed_n84_k7_h04_s137: E=72.937 kWh, solver=7641.66 s, oracle=16.93 s, feasible=True
DONE proposed_n84_k8_h04_s137: E=74.237 kWh, solver=6486.49 s, oracle=17.74 s, feasible=True
DONE proposed_n84_k7_h11_s137: E=153.601 kWh, solver=3446.74 s, oracle=15.62 s, feasible=True
DONE proposed_n84_k6_h11_s137: E=155.932 kWh, solver=7875.81 s, oracle=15.77 s, feasible=True
DONE proposed_n84_k8_h11_s137: E=156.556 kWh, solver=6665.28 s, oracle=16.00 s, feasible=True
DONE proposed_n84_k7_h19_s137: E=101.164 kWh, solver=3082.43 s, oracle=16.15 s, feasible=True
DONE proposed_n84_k6_h19_s137: E=100.609 kWh, solver=4714.32 s, oracle=16.12 s, feasible=True
DONE proposed_n84_k8_h19_s137: E=98.789 kWh, solver=2183.67 s, oracle=15.98 s, feasible=True
DONE proposed_n84_k7_h04_s147: E=75.485 kWh, solver=2578.84 s, oracle=16.46 s, feasible=True
DONE proposed_n84_k8_h04_s147: E=73.129 kWh, solver=1961.35 s, oracle=17.08 s, feasible=True
DONE proposed_n84_k6_h04_s147: E=72.665 kWh, solver=5188.23 s, oracle=16.39 s, feasible=True
DONE proposed_n84_k7_h11_s147: E=157.911 kWh, solver=4777.76 s, oracle=15.47 s, feasible=True
DONE proposed_n84_k6_h11_s147: E=153.979 kWh, solver=8114.23 s, oracle=15.32 s, feasible=True
DONE proposed_n84_k8_h11_s147: E=155.392 kWh, solver=7644.65 s, oracle=15.98 s, feasible=True
DONE proposed_n84_k6_h19_s147: E=101.938 kWh, solver=4779.02 s, oracle=15.93 s, feasible=True
DONE proposed_n84_k7_h19_s147: E=101.674 kWh, solver=3079.97 s, oracle=16.03 s, feasible=True
DONE proposed_n84_k8_h19_s147: E=101.017 kWh, solver=3152.43 s, oracle=16.17 s, feasible=True
DONE proposed_n84_k7_h04_s157: E=73.152 kWh, solver=2365.36 s, oracle=16.02 s, feasible=True
DONE proposed_n84_k8_h04_s157: E=74.054 kWh, solver=2528.76 s, oracle=16.71 s, feasible=True
DONE nn_n84_k8_h04_s157: E=94.910 kWh, solver=0.22 s, oracle=16.71 s, feasible=True
DONE aco_n84_k8_h04_s157: E=81.595 kWh, solver=25.43 s, oracle=16.71 s, feasible=True
DONE pso_n84_k8_h04_s157: E=90.540 kWh, solver=14.27 s, oracle=16.71 s, feasible=True
DONE ga_n84_k8_h04_s157: E=81.315 kWh, solver=21.75 s, oracle=16.71 s, feasible=True
DONE proposed_n84_k6_h04_s157: E=73.075 kWh, solver=8197.72 s, oracle=16.92 s, feasible=True
DONE proposed_n84_k6_h11_s157: E=163.610 kWh, solver=5250.24 s, oracle=15.59 s, feasible=True
DONE proposed_n84_k7_h11_s157: E=152.905 kWh, solver=3649.16 s, oracle=22.10 s, feasible=True
DONE proposed_n84_k8_h11_s157: E=156.119 kWh, solver=3066.80 s, oracle=17.16 s, feasible=True
DONE proposed_n84_k7_h19_s157: E=99.044 kWh, solver=3097.76 s, oracle=16.70 s, feasible=True
DONE proposed_n84_k8_h19_s157: E=99.805 kWh, solver=2417.68 s, oracle=17.18 s, feasible=True
DONE proposed_n84_k6_h04_s167: E=72.454 kWh, solver=4653.46 s, oracle=17.34 s, feasible=True
DONE proposed_n84_k6_h19_s157: E=102.283 kWh, solver=8804.83 s, oracle=17.23 s, feasible=True
DONE proposed_n84_k7_h04_s167: E=72.873 kWh, solver=4158.88 s, oracle=17.58 s, feasible=True
DONE proposed_n84_k8_h04_s167: E=73.213 kWh, solver=2551.40 s, oracle=16.86 s, feasible=True
DONE proposed_n84_k7_h11_s167: E=159.518 kWh, solver=1974.35 s, oracle=16.18 s, feasible=True
DONE proposed_n84_k8_h11_s167: E=160.706 kWh, solver=2675.90 s, oracle=15.31 s, feasible=True
DONE proposed_n84_k6_h19_s167: E=105.356 kWh, solver=3087.06 s, oracle=15.93 s, feasible=True
DONE proposed_n84_k6_h11_s167: E=154.682 kWh, solver=6686.71 s, oracle=15.35 s, feasible=True
DONE proposed_n84_k8_h19_s167: E=100.414 kWh, solver=1423.74 s, oracle=16.01 s, feasible=True
DONE proposed_n84_k7_h19_s167: E=102.489 kWh, solver=3943.42 s, oracle=15.85 s, feasible=True
DONE proposed_n84_k7_h04_s177: E=73.565 kWh, solver=5440.58 s, oracle=16.78 s, feasible=True
DONE proposed_n84_k8_h04_s177: E=74.167 kWh, solver=3892.37 s, oracle=16.34 s, feasible=True
DONE proposed_n84_k6_h04_s177: E=74.082 kWh, solver=8548.60 s, oracle=16.83 s, feasible=True
DONE proposed_n84_k7_h11_s177: E=151.662 kWh, solver=5674.86 s, oracle=15.41 s, feasible=True
DONE proposed_n84_k8_h11_s177: E=152.826 kWh, solver=7380.95 s, oracle=15.57 s, feasible=True
DONE proposed_n84_k6_h19_s177: E=101.469 kWh, solver=5285.20 s, oracle=16.01 s, feasible=True
DONE proposed_n84_k7_h19_s177: E=99.258 kWh, solver=3269.36 s, oracle=15.55 s, feasible=True
DONE proposed_n84_k6_h11_s177: E=153.990 kWh, solver=14358.30 s, oracle=15.11 s, feasible=True
DONE proposed_n84_k8_h19_s177: E=101.562 kWh, solver=4809.05 s, oracle=15.74 s, feasible=True
DONE proposed_n84_k7_h04_s187: E=73.083 kWh, solver=2377.42 s, oracle=16.32 s, feasible=True
DONE proposed_n84_k6_h04_s187: E=72.705 kWh, solver=3713.39 s, oracle=17.11 s, feasible=True
DONE proposed_n84_k8_h04_s187: E=73.909 kWh, solver=1852.65 s, oracle=16.79 s, feasible=True
DONE proposed_n84_k8_h11_s187: E=155.508 kWh, solver=2877.79 s, oracle=15.55 s, feasible=True
DONE proposed_n84_k7_h11_s187: E=153.099 kWh, solver=4386.64 s, oracle=15.69 s, feasible=True
DONE proposed_n84_k7_h19_s187: E=99.258 kWh, solver=2309.41 s, oracle=15.90 s, feasible=True
DONE proposed_n84_k6_h11_s187: E=153.877 kWh, solver=7020.54 s, oracle=15.62 s, feasible=True
DONE proposed_n84_k6_h19_s187: E=101.170 kWh, solver=4164.60 s, oracle=16.09 s, feasible=True
DONE proposed_n84_k8_h19_s187: E=99.612 kWh, solver=2362.52 s, oracle=15.70 s, feasible=True
DONE proposed_n84_k6_h04_s197: E=72.190 kWh, solver=4607.99 s, oracle=16.27 s, feasible=True
DONE proposed_n84_k7_h04_s197: E=73.349 kWh, solver=4090.56 s, oracle=16.49 s, feasible=True
DONE proposed_n84_k8_h04_s197: E=73.282 kWh, solver=4222.25 s, oracle=19.55 s, feasible=True
DONE proposed_n84_k7_h11_s197: E=157.658 kWh, solver=2054.95 s, oracle=18.03 s, feasible=True
DONE proposed_n84_k8_h11_s197: E=154.935 kWh, solver=3084.62 s, oracle=16.88 s, feasible=True
DONE proposed_n84_k6_h11_s197: E=150.828 kWh, solver=7081.11 s, oracle=15.34 s, feasible=True
DONE proposed_n84_k6_h19_s197: E=100.110 kWh, solver=5130.60 s, oracle=17.18 s, feasible=True
DONE proposed_n84_k7_h19_s197: E=100.828 kWh, solver=5459.28 s, oracle=18.05 s, feasible=True
DONE proposed_n84_k8_h19_s197: E=99.705 kWh, solver=3841.30 s, oracle=17.10 s, feasible=True
HighsMipSolverData::transformNewIntegerFeasibleSolution tmpSolver.run();
HighsMipSolverData::transformNewIntegerFeasibleSolution tmpSolver.run();
HighsMipSolverData::transformNewIntegerFeasibleSolution tmpSolver.run();
HighsMipSolverData::transformNewIntegerFeasibleSolution tmpSolver.run();
HighsMipSolverData::transformNewIntegerFeasibleSolution tmpSolver.run();
HighsMipSolverData::transformNewIntegerFeasibleSolution tmpSolver.run();
HighsMipSolverData::transformNewIntegerFeasibleSolution tmpSolver.run();
HighsMipSolverData::transformNewIntegerFeasibleSolution tmpSolver.run();
HighsMipSolverData::transformNewIntegerFeasibleSolution tmpSolver.run();
HighsMipSolverData::transformNewIntegerFeasibleSolution tmpSolver.run();
HighsMipSolverData::transformNewIntegerFeasibleSolution tmpSolver.run();
HighsMipSolverData::transformNewIntegerFeasibleSolution tmpSolver.run();
HighsMipSolverData::transformNewIntegerFeasibleSolution tmpSolver.run();
HighsMipSolverData::transformNewIntegerFeasibleSolution tmpSolver.run();
HighsMipSolverData::transformNewIntegerFeasibleSolution tmpSolver.run();
