RUN C:\Users\guild\.conda\envs\tsp\python.exe -m scripts.k_sweep_multiseed --n-bins 84 --target-total-demand-kg 11700.0 --hours 4 11 19 --vehicles 6 7 8 9 10 11 12 13 14 --base-seeds 7 17 27 37 47 57 67 77 87 97 --parallel-jobs 3 --methods proposed nn aco pso ga --confidence-level 0.95 --bootstrap-draws 2000 --output C:\Users\guild\Dropbox\research\code\TSP_new_new\TSP-FactorGraph\results\k_sweep\monte_carlo\k_sweep_mc_runs.csv --figure-dir C:\Users\guild\Dropbox\research\code\TSP_new_new\TSP-FactorGraph\figures\k_sweep --max-rounds 32 --assignment-rounds 24 --damping 0.5 --tolerance 0.001 --improvement-tolerance 1e-09 --exact-global-limit 14 --maximum-exact-trellis-bins 84 --stagnation-patience 8 --oracle-slots 3 --hypercube-radii 1 2 4 8 12 16 24 32 --ga-population 100 --ga-generations 500 --pso-particles 60 --pso-iterations 200 --aco-ants 60 --aco-iterations 150 --focus-seeds 107 117 127 137 147 157 167 177 187 197 --focus-vehicles 6 7 8 --bootstrap-csv C:\Users\guild\Dropbox\research\code\TSP_new_new\TSP-FactorGraph\results\k_sweep\k_sweep_3h_all_methods.csv --resume
FIGURES UPDATED (359/360 instances): k_sweep_mc_energy_ieee.pdf, k_sweep_mc_energy_ieee.png, k_sweep_mc_makespan_ieee.pdf, k_sweep_mc_makespan_ieee.png, k_sweep_mc_normalized_energy_ieee.pdf, k_sweep_mc_normalized_energy_ieee.png, k_sweep_mc_normalized_makespan_ieee.pdf, k_sweep_mc_normalized_makespan_ieee.png
SKIP seed=7, hour=04, K=6 (all methods complete)
SKIP seed=7, hour=04, K=7 (all methods complete)
SKIP seed=7, hour=04, K=8 (all methods complete)
SKIP seed=7, hour=04, K=9 (all methods complete)
SKIP seed=7, hour=04, K=10 (all methods complete)
SKIP seed=7, hour=04, K=11 (all methods complete)
SKIP seed=7, hour=04, K=12 (all methods complete)
SKIP seed=7, hour=04, K=13 (all methods complete)
SKIP seed=7, hour=04, K=14 (all methods complete)
SKIP seed=7, hour=11, K=6 (all methods complete)
SKIP seed=7, hour=11, K=7 (all methods complete)
SKIP seed=7, hour=11, K=8 (all methods complete)
SKIP seed=7, hour=11, K=9 (all methods complete)
SKIP seed=7, hour=11, K=10 (all methods complete)
SKIP seed=7, hour=11, K=11 (all methods complete)
SKIP seed=7, hour=11, K=12 (all methods complete)
SKIP seed=7, hour=11, K=13 (all methods complete)
SKIP seed=7, hour=11, K=14 (all methods complete)
SKIP seed=7, hour=19, K=6 (all methods complete)
SKIP seed=7, hour=19, K=7 (all methods complete)
SKIP seed=7, hour=19, K=8 (all methods complete)
SKIP seed=7, hour=19, K=9 (all methods complete)
SKIP seed=7, hour=19, K=10 (all methods complete)
SKIP seed=7, hour=19, K=11 (all methods complete)
SKIP seed=7, hour=19, K=12 (all methods complete)
SKIP seed=7, hour=19, K=13 (all methods complete)
SKIP seed=7, hour=19, K=14 (all methods complete)
SKIP seed=17, hour=04, K=6 (all methods complete)
SKIP seed=17, hour=04, K=7 (all methods complete)
SKIP seed=17, hour=04, K=8 (all methods complete)
SKIP seed=17, hour=04, K=9 (all methods complete)
SKIP seed=17, hour=04, K=10 (all methods complete)
SKIP seed=17, hour=04, K=11 (all methods complete)
SKIP seed=17, hour=04, K=12 (all methods complete)
SKIP seed=17, hour=04, K=13 (all methods complete)
SKIP seed=17, hour=04, K=14 (all methods complete)
SKIP seed=17, hour=11, K=6 (all methods complete)
SKIP seed=17, hour=11, K=7 (all methods complete)
SKIP seed=17, hour=11, K=8 (all methods complete)
SKIP seed=17, hour=11, K=9 (all methods complete)
SKIP seed=17, hour=11, K=10 (all methods complete)
SKIP seed=17, hour=11, K=11 (all methods complete)
SKIP seed=17, hour=11, K=12 (all methods complete)
SKIP seed=17, hour=11, K=13 (all methods complete)
SKIP seed=17, hour=11, K=14 (all methods complete)
SKIP seed=17, hour=19, K=6 (all methods complete)
SKIP seed=17, hour=19, K=7 (all methods complete)
SKIP seed=17, hour=19, K=8 (all methods complete)
SKIP seed=17, hour=19, K=9 (all methods complete)
SKIP seed=17, hour=19, K=10 (all methods complete)
SKIP seed=17, hour=19, K=11 (all methods complete)
SKIP seed=17, hour=19, K=12 (all methods complete)
SKIP seed=17, hour=19, K=13 (all methods complete)
SKIP seed=17, hour=19, K=14 (all methods complete)
SKIP seed=27, hour=04, K=6 (all methods complete)
SKIP seed=27, hour=04, K=7 (all methods complete)
SKIP seed=27, hour=04, K=8 (all methods complete)
SKIP seed=27, hour=04, K=9 (all methods complete)
SKIP seed=27, hour=04, K=10 (all methods complete)
SKIP seed=27, hour=04, K=11 (all methods complete)
SKIP seed=27, hour=04, K=12 (all methods complete)
SKIP seed=27, hour=04, K=13 (all methods complete)
SKIP seed=27, hour=04, K=14 (all methods complete)
SKIP seed=27, hour=11, K=6 (all methods complete)
SKIP seed=27, hour=11, K=7 (all methods complete)
SKIP seed=27, hour=11, K=8 (all methods complete)
SKIP seed=27, hour=11, K=9 (all methods complete)
SKIP seed=27, hour=11, K=10 (all methods complete)
SKIP seed=27, hour=11, K=11 (all methods complete)
SKIP seed=27, hour=11, K=12 (all methods complete)
SKIP seed=27, hour=11, K=13 (all methods complete)
SKIP seed=27, hour=11, K=14 (all methods complete)
SKIP seed=27, hour=19, K=6 (all methods complete)
SKIP seed=27, hour=19, K=7 (all methods complete)
SKIP seed=27, hour=19, K=8 (all methods complete)
SKIP seed=27, hour=19, K=9 (all methods complete)
SKIP seed=27, hour=19, K=10 (all methods complete)
SKIP seed=27, hour=19, K=11 (all methods complete)
SKIP seed=27, hour=19, K=12 (all methods complete)
SKIP seed=27, hour=19, K=13 (all methods complete)
SKIP seed=27, hour=19, K=14 (all methods complete)
SKIP seed=37, hour=04, K=6 (all methods complete)
SKIP seed=37, hour=04, K=7 (all methods complete)
SKIP seed=37, hour=04, K=8 (all methods complete)
SKIP seed=37, hour=04, K=9 (all methods complete)
SKIP seed=37, hour=04, K=10 (all methods complete)
SKIP seed=37, hour=04, K=11 (all methods complete)
SKIP seed=37, hour=04, K=12 (all methods complete)
SKIP seed=37, hour=04, K=13 (all methods complete)
SKIP seed=37, hour=04, K=14 (all methods complete)
SKIP seed=37, hour=11, K=6 (all methods complete)
SKIP seed=37, hour=11, K=7 (all methods complete)
SKIP seed=37, hour=11, K=8 (all methods complete)
SKIP seed=37, hour=11, K=9 (all methods complete)
SKIP seed=37, hour=11, K=10 (all methods complete)
SKIP seed=37, hour=11, K=11 (all methods complete)
SKIP seed=37, hour=11, K=12 (all methods complete)
SKIP seed=37, hour=11, K=13 (all methods complete)
SKIP seed=37, hour=11, K=14 (all methods complete)
SKIP seed=37, hour=19, K=6 (all methods complete)
SKIP seed=37, hour=19, K=7 (all methods complete)
SKIP seed=37, hour=19, K=8 (all methods complete)
SKIP seed=37, hour=19, K=9 (all methods complete)
SKIP seed=37, hour=19, K=10 (all methods complete)
SKIP seed=37, hour=19, K=11 (all methods complete)
SKIP seed=37, hour=19, K=12 (all methods complete)
SKIP seed=37, hour=19, K=13 (all methods complete)
SKIP seed=37, hour=19, K=14 (all methods complete)
SKIP seed=47, hour=04, K=6 (all methods complete)
SKIP seed=47, hour=04, K=7 (all methods complete)
SKIP seed=47, hour=04, K=8 (all methods complete)
SKIP seed=47, hour=04, K=9 (all methods complete)
SKIP seed=47, hour=04, K=10 (all methods complete)
SKIP seed=47, hour=04, K=11 (all methods complete)
SKIP seed=47, hour=04, K=12 (all methods complete)
SKIP seed=47, hour=04, K=13 (all methods complete)
SKIP seed=47, hour=04, K=14 (all methods complete)
SKIP seed=47, hour=11, K=6 (all methods complete)
SKIP seed=47, hour=11, K=7 (all methods complete)
SKIP seed=47, hour=11, K=8 (all methods complete)
SKIP seed=47, hour=11, K=9 (all methods complete)
SKIP seed=47, hour=11, K=10 (all methods complete)
SKIP seed=47, hour=11, K=11 (all methods complete)
SKIP seed=47, hour=11, K=12 (all methods complete)
SKIP seed=47, hour=11, K=13 (all methods complete)
SKIP seed=47, hour=11, K=14 (all methods complete)
SKIP seed=47, hour=19, K=6 (all methods complete)
SKIP seed=47, hour=19, K=7 (all methods complete)
SKIP seed=47, hour=19, K=8 (all methods complete)
SKIP seed=47, hour=19, K=9 (all methods complete)
SKIP seed=47, hour=19, K=10 (all methods complete)
SKIP seed=47, hour=19, K=11 (all methods complete)
SKIP seed=47, hour=19, K=12 (all methods complete)
SKIP seed=47, hour=19, K=13 (all methods complete)
SKIP seed=47, hour=19, K=14 (all methods complete)
SKIP seed=57, hour=04, K=6 (all methods complete)
SKIP seed=57, hour=04, K=7 (all methods complete)
SKIP seed=57, hour=04, K=8 (all methods complete)
SKIP seed=57, hour=04, K=9 (all methods complete)
SKIP seed=57, hour=04, K=10 (all methods complete)
SKIP seed=57, hour=04, K=11 (all methods complete)
SKIP seed=57, hour=04, K=12 (all methods complete)
SKIP seed=57, hour=04, K=13 (all methods complete)
SKIP seed=57, hour=04, K=14 (all methods complete)
SKIP seed=57, hour=11, K=6 (all methods complete)
SKIP seed=57, hour=11, K=7 (all methods complete)
SKIP seed=57, hour=11, K=8 (all methods complete)
SKIP seed=57, hour=11, K=9 (all methods complete)
SKIP seed=57, hour=11, K=10 (all methods complete)
SKIP seed=57, hour=11, K=11 (all methods complete)
SKIP seed=57, hour=11, K=12 (all methods complete)
SKIP seed=57, hour=11, K=13 (all methods complete)
SKIP seed=57, hour=11, K=14 (all methods complete)
SKIP seed=57, hour=19, K=6 (all methods complete)
SKIP seed=57, hour=19, K=7 (all methods complete)
SKIP seed=57, hour=19, K=8 (all methods complete)
SKIP seed=57, hour=19, K=9 (all methods complete)
SKIP seed=57, hour=19, K=10 (all methods complete)
SKIP seed=57, hour=19, K=11 (all methods complete)
SKIP seed=57, hour=19, K=12 (all methods complete)
SKIP seed=57, hour=19, K=13 (all methods complete)
SKIP seed=57, hour=19, K=14 (all methods complete)
SKIP seed=67, hour=04, K=6 (all methods complete)
SKIP seed=67, hour=04, K=7 (all methods complete)
SKIP seed=67, hour=04, K=8 (all methods complete)
SKIP seed=67, hour=04, K=9 (all methods complete)
SKIP seed=67, hour=04, K=10 (all methods complete)
SKIP seed=67, hour=04, K=11 (all methods complete)
SKIP seed=67, hour=04, K=12 (all methods complete)
SKIP seed=67, hour=04, K=13 (all methods complete)
SKIP seed=67, hour=04, K=14 (all methods complete)
SKIP seed=67, hour=11, K=6 (all methods complete)
SKIP seed=67, hour=11, K=7 (all methods complete)
SKIP seed=67, hour=11, K=8 (all methods complete)
SKIP seed=67, hour=11, K=9 (all methods complete)
SKIP seed=67, hour=11, K=10 (all methods complete)
SKIP seed=67, hour=11, K=11 (all methods complete)
SKIP seed=67, hour=11, K=12 (all methods complete)
SKIP seed=67, hour=11, K=13 (all methods complete)
SKIP seed=67, hour=11, K=14 (all methods complete)
SKIP seed=67, hour=19, K=6 (all methods complete)
SKIP seed=67, hour=19, K=7 (all methods complete)
SKIP seed=67, hour=19, K=8 (all methods complete)
SKIP seed=67, hour=19, K=9 (all methods complete)
SKIP seed=67, hour=19, K=10 (all methods complete)
SKIP seed=67, hour=19, K=11 (all methods complete)
SKIP seed=67, hour=19, K=12 (all methods complete)
SKIP seed=67, hour=19, K=13 (all methods complete)
SKIP seed=67, hour=19, K=14 (all methods complete)
SKIP seed=77, hour=04, K=6 (all methods complete)
SKIP seed=77, hour=04, K=7 (all methods complete)
SKIP seed=77, hour=04, K=8 (all methods complete)
SKIP seed=77, hour=04, K=9 (all methods complete)
SKIP seed=77, hour=04, K=10 (all methods complete)
SKIP seed=77, hour=04, K=11 (all methods complete)
SKIP seed=77, hour=04, K=12 (all methods complete)
SKIP seed=77, hour=04, K=13 (all methods complete)
SKIP seed=77, hour=04, K=14 (all methods complete)
SKIP seed=77, hour=11, K=6 (all methods complete)
SKIP seed=77, hour=11, K=7 (all methods complete)
SKIP seed=77, hour=11, K=8 (all methods complete)
SKIP seed=77, hour=11, K=9 (all methods complete)
SKIP seed=77, hour=11, K=10 (all methods complete)
SKIP seed=77, hour=11, K=11 (all methods complete)
SKIP seed=77, hour=11, K=12 (all methods complete)
SKIP seed=77, hour=11, K=13 (all methods complete)
SKIP seed=77, hour=11, K=14 (all methods complete)
SKIP seed=77, hour=19, K=6 (all methods complete)
SKIP seed=77, hour=19, K=7 (all methods complete)
SKIP seed=77, hour=19, K=8 (all methods complete)
SKIP seed=77, hour=19, K=9 (all methods complete)
SKIP seed=77, hour=19, K=10 (all methods complete)
SKIP seed=77, hour=19, K=11 (all methods complete)
SKIP seed=77, hour=19, K=12 (all methods complete)
SKIP seed=77, hour=19, K=13 (all methods complete)
SKIP seed=77, hour=19, K=14 (all methods complete)
SKIP seed=87, hour=04, K=6 (all methods complete)
SKIP seed=87, hour=04, K=7 (all methods complete)
SKIP seed=87, hour=04, K=8 (all methods complete)
SKIP seed=87, hour=04, K=9 (all methods complete)
SKIP seed=87, hour=04, K=10 (all methods complete)
SKIP seed=87, hour=04, K=11 (all methods complete)
SKIP seed=87, hour=04, K=12 (all methods complete)
SKIP seed=87, hour=04, K=13 (all methods complete)
SKIP seed=87, hour=04, K=14 (all methods complete)
SKIP seed=87, hour=11, K=6 (all methods complete)
SKIP seed=87, hour=11, K=7 (all methods complete)
SKIP seed=87, hour=11, K=8 (all methods complete)
SKIP seed=87, hour=11, K=9 (all methods complete)
SKIP seed=87, hour=11, K=10 (all methods complete)
SKIP seed=87, hour=11, K=11 (all methods complete)
SKIP seed=87, hour=11, K=12 (all methods complete)
SKIP seed=87, hour=11, K=13 (all methods complete)
SKIP seed=87, hour=11, K=14 (all methods complete)
SKIP seed=87, hour=19, K=7 (all methods complete)
SKIP seed=87, hour=19, K=8 (all methods complete)
SKIP seed=87, hour=19, K=9 (all methods complete)
SKIP seed=87, hour=19, K=10 (all methods complete)
SKIP seed=87, hour=19, K=11 (all methods complete)
SKIP seed=87, hour=19, K=12 (all methods complete)
SKIP seed=87, hour=19, K=13 (all methods complete)
SKIP seed=87, hour=19, K=14 (all methods complete)
SKIP seed=97, hour=04, K=6 (all methods complete)
SKIP seed=97, hour=04, K=7 (all methods complete)
SKIP seed=97, hour=04, K=8 (all methods complete)
SKIP seed=97, hour=04, K=9 (all methods complete)
SKIP seed=97, hour=04, K=10 (all methods complete)
SKIP seed=97, hour=04, K=11 (all methods complete)
SKIP seed=97, hour=04, K=12 (all methods complete)
SKIP seed=97, hour=04, K=13 (all methods complete)
SKIP seed=97, hour=04, K=14 (all methods complete)
SKIP seed=97, hour=11, K=6 (all methods complete)
SKIP seed=97, hour=11, K=7 (all methods complete)
SKIP seed=97, hour=11, K=8 (all methods complete)
SKIP seed=97, hour=11, K=9 (all methods complete)
SKIP seed=97, hour=11, K=10 (all methods complete)
SKIP seed=97, hour=11, K=11 (all methods complete)
SKIP seed=97, hour=11, K=12 (all methods complete)
SKIP seed=97, hour=11, K=13 (all methods complete)
SKIP seed=97, hour=11, K=14 (all methods complete)
SKIP seed=97, hour=19, K=6 (all methods complete)
SKIP seed=97, hour=19, K=7 (all methods complete)
SKIP seed=97, hour=19, K=8 (all methods complete)
SKIP seed=97, hour=19, K=9 (all methods complete)
SKIP seed=97, hour=19, K=10 (all methods complete)
SKIP seed=97, hour=19, K=11 (all methods complete)
SKIP seed=97, hour=19, K=12 (all methods complete)
SKIP seed=97, hour=19, K=13 (all methods complete)
SKIP seed=97, hour=19, K=14 (all methods complete)
SKIP seed=107, hour=04, K=6 (all methods complete)
SKIP seed=107, hour=04, K=7 (all methods complete)
SKIP seed=107, hour=04, K=8 (all methods complete)
SKIP seed=107, hour=11, K=6 (all methods complete)
SKIP seed=107, hour=11, K=7 (all methods complete)
SKIP seed=107, hour=11, K=8 (all methods complete)
SKIP seed=107, hour=19, K=6 (all methods complete)
SKIP seed=107, hour=19, K=7 (all methods complete)
SKIP seed=107, hour=19, K=8 (all methods complete)
SKIP seed=117, hour=04, K=6 (all methods complete)
SKIP seed=117, hour=04, K=7 (all methods complete)
SKIP seed=117, hour=04, K=8 (all methods complete)
SKIP seed=117, hour=11, K=6 (all methods complete)
SKIP seed=117, hour=11, K=7 (all methods complete)
SKIP seed=117, hour=11, K=8 (all methods complete)
SKIP seed=117, hour=19, K=6 (all methods complete)
SKIP seed=117, hour=19, K=7 (all methods complete)
SKIP seed=117, hour=19, K=8 (all methods complete)
SKIP seed=127, hour=04, K=6 (all methods complete)
SKIP seed=127, hour=04, K=7 (all methods complete)
SKIP seed=127, hour=04, K=8 (all methods complete)
SKIP seed=127, hour=11, K=6 (all methods complete)
SKIP seed=127, hour=11, K=7 (all methods complete)
SKIP seed=127, hour=11, K=8 (all methods complete)
SKIP seed=127, hour=19, K=6 (all methods complete)
SKIP seed=127, hour=19, K=7 (all methods complete)
SKIP seed=127, hour=19, K=8 (all methods complete)
SKIP seed=137, hour=04, K=6 (all methods complete)
SKIP seed=137, hour=04, K=7 (all methods complete)
SKIP seed=137, hour=04, K=8 (all methods complete)
SKIP seed=137, hour=11, K=6 (all methods complete)
SKIP seed=137, hour=11, K=7 (all methods complete)
SKIP seed=137, hour=11, K=8 (all methods complete)
SKIP seed=137, hour=19, K=6 (all methods complete)
SKIP seed=137, hour=19, K=7 (all methods complete)
SKIP seed=137, hour=19, K=8 (all methods complete)
SKIP seed=147, hour=04, K=6 (all methods complete)
SKIP seed=147, hour=04, K=7 (all methods complete)
SKIP seed=147, hour=04, K=8 (all methods complete)
SKIP seed=147, hour=11, K=6 (all methods complete)
SKIP seed=147, hour=11, K=7 (all methods complete)
SKIP seed=147, hour=11, K=8 (all methods complete)
SKIP seed=147, hour=19, K=6 (all methods complete)
SKIP seed=147, hour=19, K=7 (all methods complete)
SKIP seed=147, hour=19, K=8 (all methods complete)
SKIP seed=157, hour=04, K=6 (all methods complete)
SKIP seed=157, hour=04, K=7 (all methods complete)
SKIP seed=157, hour=04, K=8 (all methods complete)
SKIP seed=157, hour=11, K=6 (all methods complete)
SKIP seed=157, hour=11, K=7 (all methods complete)
SKIP seed=157, hour=11, K=8 (all methods complete)
SKIP seed=157, hour=19, K=6 (all methods complete)
SKIP seed=157, hour=19, K=7 (all methods complete)
SKIP seed=157, hour=19, K=8 (all methods complete)
SKIP seed=167, hour=04, K=6 (all methods complete)
SKIP seed=167, hour=04, K=7 (all methods complete)
SKIP seed=167, hour=04, K=8 (all methods complete)
SKIP seed=167, hour=11, K=6 (all methods complete)
SKIP seed=167, hour=11, K=7 (all methods complete)
SKIP seed=167, hour=11, K=8 (all methods complete)
SKIP seed=167, hour=19, K=6 (all methods complete)
SKIP seed=167, hour=19, K=7 (all methods complete)
SKIP seed=167, hour=19, K=8 (all methods complete)
SKIP seed=177, hour=04, K=6 (all methods complete)
SKIP seed=177, hour=04, K=7 (all methods complete)
SKIP seed=177, hour=04, K=8 (all methods complete)
SKIP seed=177, hour=11, K=6 (all methods complete)
SKIP seed=177, hour=11, K=7 (all methods complete)
SKIP seed=177, hour=11, K=8 (all methods complete)
SKIP seed=177, hour=19, K=6 (all methods complete)
SKIP seed=177, hour=19, K=7 (all methods complete)
SKIP seed=177, hour=19, K=8 (all methods complete)
SKIP seed=187, hour=04, K=6 (all methods complete)
SKIP seed=187, hour=04, K=7 (all methods complete)
SKIP seed=187, hour=04, K=8 (all methods complete)
SKIP seed=187, hour=11, K=6 (all methods complete)
SKIP seed=187, hour=11, K=7 (all methods complete)
SKIP seed=187, hour=11, K=8 (all methods complete)
SKIP seed=187, hour=19, K=6 (all methods complete)
SKIP seed=187, hour=19, K=7 (all methods complete)
SKIP seed=187, hour=19, K=8 (all methods complete)
SKIP seed=197, hour=04, K=6 (all methods complete)
SKIP seed=197, hour=04, K=7 (all methods complete)
SKIP seed=197, hour=04, K=8 (all methods complete)
SKIP seed=197, hour=11, K=6 (all methods complete)
SKIP seed=197, hour=11, K=7 (all methods complete)
SKIP seed=197, hour=11, K=8 (all methods complete)
SKIP seed=197, hour=19, K=6 (all methods complete)
SKIP seed=197, hour=19, K=7 (all methods complete)
SKIP seed=197, hour=19, K=8 (all methods complete)
PARALLEL execution with 3 worker processes; each completed (seed, hour, K) process refreshes all figures
DONE nn_n84_k6_h19_s87: E=207.408 kWh, solver=0.15 s, oracle=18.70 s, feasible=True
DONE aco_n84_k6_h19_s87: E=110.736 kWh, solver=26.49 s, oracle=18.70 s, feasible=True
DONE pso_n84_k6_h19_s87: E=204.417 kWh, solver=8.58 s, oracle=18.70 s, feasible=True
DONE ga_n84_k6_h19_s87: E=161.113 kWh, solver=14.80 s, oracle=18.70 s, feasible=True
FIGURES UPDATED (360/360 instances): k_sweep_mc_energy_ieee.pdf, k_sweep_mc_energy_ieee.png, k_sweep_mc_makespan_ieee.pdf, k_sweep_mc_makespan_ieee.png, k_sweep_mc_normalized_energy_ieee.pdf, k_sweep_mc_normalized_energy_ieee.png, k_sweep_mc_normalized_makespan_ieee.pdf, k_sweep_mc_normalized_makespan_ieee.png
RUN C:\Users\guild\.conda\envs\tsp\python.exe -m scripts.plotting.k_sweep_multiseed --input C:\Users\guild\Dropbox\research\code\TSP_new_new\TSP-FactorGraph\results\k_sweep\monte_carlo\k_sweep_mc_runs.csv --output-dir C:\Users\guild\Dropbox\research\code\TSP_new_new\TSP-FactorGraph\figures\k_sweep --vehicles 6 7 8 9 10 11 12 13 14 --confidence-level 0.95 --bootstrap-draws 2000
C:\Users\guild\Dropbox\research\code\TSP_new_new\TSP-FactorGraph\figures\k_sweep\k_sweep_mc_energy_ieee.pdf
C:\Users\guild\Dropbox\research\code\TSP_new_new\TSP-FactorGraph\figures\k_sweep\k_sweep_mc_energy_ieee.png
C:\Users\guild\Dropbox\research\code\TSP_new_new\TSP-FactorGraph\figures\k_sweep\k_sweep_mc_makespan_ieee.pdf
C:\Users\guild\Dropbox\research\code\TSP_new_new\TSP-FactorGraph\figures\k_sweep\k_sweep_mc_makespan_ieee.png
C:\Users\guild\Dropbox\research\code\TSP_new_new\TSP-FactorGraph\figures\k_sweep\k_sweep_mc_normalized_energy_ieee.pdf
C:\Users\guild\Dropbox\research\code\TSP_new_new\TSP-FactorGraph\figures\k_sweep\k_sweep_mc_normalized_energy_ieee.png
C:\Users\guild\Dropbox\research\code\TSP_new_new\TSP-FactorGraph\figures\k_sweep\k_sweep_mc_normalized_makespan_ieee.pdf
C:\Users\guild\Dropbox\research\code\TSP_new_new\TSP-FactorGraph\figures\k_sweep\k_sweep_mc_normalized_makespan_ieee.png
