SKIP N=84, K=10, spatial=167, demand=7 (all methods complete)
SKIP N=100, K=12, spatial=107, demand=7 (all methods complete)
SKIP N=100, K=12, spatial=127, demand=7 (all methods complete)
SKIP N=100, K=12, spatial=147, demand=7 (all methods complete)
SKIP N=100, K=12, spatial=157, demand=7 (all methods complete)
SKIP N=100, K=12, spatial=167, demand=17 (all methods complete)
SKIP N=120, K=14, spatial=107, demand=17 (all methods complete)
SKIP N=120, K=14, spatial=117, demand=17 (all methods complete)
SKIP N=120, K=14, spatial=127, demand=7 (all methods complete)
SKIP N=120, K=14, spatial=127, demand=17 (all methods complete)
SKIP N=120, K=14, spatial=137, demand=7 (all methods complete)
SKIP N=120, K=14, spatial=137, demand=17 (all methods complete)
SKIP N=120, K=14, spatial=147, demand=7 (all methods complete)
SKIP N=120, K=14, spatial=157, demand=7 (all methods complete)
SKIP N=120, K=14, spatial=157, demand=17 (all methods complete)
SKIP N=120, K=14, spatial=167, demand=7 (all methods complete)
SKIP N=120, K=14, spatial=167, demand=17 (all methods complete)
SKIP N=120, K=14, spatial=177, demand=7 (all methods complete)
SKIP N=120, K=14, spatial=177, demand=17 (all methods complete)
SKIP N=120, K=14, spatial=187, demand=7 (all methods complete)
SKIP N=120, K=14, spatial=187, demand=17 (all methods complete)
SKIP N=120, K=14, spatial=197, demand=7 (all methods complete)
SKIP N=120, K=14, spatial=197, demand=17 (all methods complete)
PARALLEL execution with 2 worker processes; one oracle is shared by all methods inside each instance
DONE nn_n84_k10_h11_sp107_ds7: E=266.805 kWh, solver=0.37 s, oracle=25.50 s, feasible=True
DONE nn_n84_k10_h11_sp107_ds17: E=261.243 kWh, solver=0.38 s, oracle=25.51 s, feasible=True
DONE aco_n84_k10_h11_sp107_ds17: E=232.364 kWh, solver=39.06 s, oracle=25.51 s, feasible=True
DONE aco_n84_k10_h11_sp107_ds7: E=230.018 kWh, solver=39.10 s, oracle=25.50 s, feasible=True
DONE pso_n84_k10_h11_sp107_ds7: E=257.569 kWh, solver=17.11 s, oracle=25.50 s, feasible=True
DONE pso_n84_k10_h11_sp107_ds17: E=250.140 kWh, solver=19.83 s, oracle=25.51 s, feasible=True
DONE ga_n84_k10_h11_sp107_ds7: E=237.045 kWh, solver=27.59 s, oracle=25.50 s, feasible=True
DONE ga_n84_k10_h11_sp107_ds17: E=236.165 kWh, solver=27.91 s, oracle=25.51 s, feasible=True
FIGURES UPDATED after N=84 (2/20 instances complete): scalability_energy_per_bin_ieee.pdf, scalability_energy_per_bin_ieee.png, scalability_total_energy_ieee.pdf, scalability_total_energy_ieee.png, scalability_makespan_ieee.pdf, scalability_makespan_ieee.png, scalability_vehicle_completion_cdf_ieee.pdf, scalability_vehicle_completion_cdf_ieee.png, scalability_vehicle_energy_cdf_ieee.pdf, scalability_vehicle_energy_cdf_ieee.png
FIGURES UPDATED after N=84 (3/20 instances complete): scalability_energy_per_bin_ieee.pdf, scalability_energy_per_bin_ieee.png, scalability_total_energy_ieee.pdf, scalability_total_energy_ieee.png, scalability_makespan_ieee.pdf, scalability_makespan_ieee.png, scalability_vehicle_completion_cdf_ieee.pdf, scalability_vehicle_completion_cdf_ieee.png, scalability_vehicle_energy_cdf_ieee.pdf, scalability_vehicle_energy_cdf_ieee.png
DONE nn_n84_k10_h11_sp117_ds7: E=245.322 kWh, solver=0.38 s, oracle=21.57 s, feasible=True
DONE nn_n84_k10_h11_sp117_ds17: E=238.274 kWh, solver=0.33 s, oracle=21.79 s, feasible=True
DONE aco_n84_k10_h11_sp117_ds7: E=202.124 kWh, solver=34.05 s, oracle=21.57 s, feasible=True
DONE aco_n84_k10_h11_sp117_ds17: E=201.836 kWh, solver=34.00 s, oracle=21.79 s, feasible=True
DONE pso_n84_k10_h11_sp117_ds7: E=233.057 kWh, solver=24.16 s, oracle=21.57 s, feasible=True
DONE pso_n84_k10_h11_sp117_ds17: E=231.808 kWh, solver=24.90 s, oracle=21.79 s, feasible=True
DONE ga_n84_k10_h11_sp117_ds17: E=216.679 kWh, solver=36.60 s, oracle=21.79 s, feasible=True
DONE ga_n84_k10_h11_sp117_ds7: E=218.030 kWh, solver=44.50 s, oracle=21.57 s, feasible=True
FIGURES UPDATED after N=84 (4/20 instances complete): scalability_energy_per_bin_ieee.pdf, scalability_energy_per_bin_ieee.png, scalability_total_energy_ieee.pdf, scalability_total_energy_ieee.png, scalability_makespan_ieee.pdf, scalability_makespan_ieee.png, scalability_vehicle_completion_cdf_ieee.pdf, scalability_vehicle_completion_cdf_ieee.png, scalability_vehicle_energy_cdf_ieee.pdf, scalability_vehicle_energy_cdf_ieee.png
FIGURES UPDATED after N=84 (5/20 instances complete): scalability_energy_per_bin_ieee.pdf, scalability_energy_per_bin_ieee.png, scalability_total_energy_ieee.pdf, scalability_total_energy_ieee.png, scalability_makespan_ieee.pdf, scalability_makespan_ieee.png, scalability_vehicle_completion_cdf_ieee.pdf, scalability_vehicle_completion_cdf_ieee.png, scalability_vehicle_energy_cdf_ieee.pdf, scalability_vehicle_energy_cdf_ieee.png
DONE nn_n84_k10_h11_sp127_ds7: E=254.095 kWh, solver=0.35 s, oracle=24.28 s, feasible=True
DONE nn_n84_k10_h11_sp127_ds17: E=249.891 kWh, solver=0.35 s, oracle=24.28 s, feasible=True
DONE aco_n84_k10_h11_sp127_ds7: E=210.249 kWh, solver=35.09 s, oracle=24.28 s, feasible=True
DONE aco_n84_k10_h11_sp127_ds17: E=203.675 kWh, solver=37.28 s, oracle=24.28 s, feasible=True
DONE pso_n84_k10_h11_sp127_ds7: E=247.140 kWh, solver=22.60 s, oracle=24.28 s, feasible=True
DONE pso_n84_k10_h11_sp127_ds17: E=240.851 kWh, solver=23.88 s, oracle=24.28 s, feasible=True
DONE ga_n84_k10_h11_sp127_ds7: E=221.470 kWh, solver=42.16 s, oracle=24.28 s, feasible=True
DONE ga_n84_k10_h11_sp127_ds17: E=211.501 kWh, solver=38.74 s, oracle=24.28 s, feasible=True
FIGURES UPDATED after N=84 (6/20 instances complete): scalability_energy_per_bin_ieee.pdf, scalability_energy_per_bin_ieee.png, scalability_total_energy_ieee.pdf, scalability_total_energy_ieee.png, scalability_makespan_ieee.pdf, scalability_makespan_ieee.png, scalability_vehicle_completion_cdf_ieee.pdf, scalability_vehicle_completion_cdf_ieee.png, scalability_vehicle_energy_cdf_ieee.pdf, scalability_vehicle_energy_cdf_ieee.png
FIGURES UPDATED after N=84 (7/20 instances complete): scalability_energy_per_bin_ieee.pdf, scalability_energy_per_bin_ieee.png, scalability_total_energy_ieee.pdf, scalability_total_energy_ieee.png, scalability_makespan_ieee.pdf, scalability_makespan_ieee.png, scalability_vehicle_completion_cdf_ieee.pdf, scalability_vehicle_completion_cdf_ieee.png, scalability_vehicle_energy_cdf_ieee.pdf, scalability_vehicle_energy_cdf_ieee.png
DONE nn_n84_k10_h11_sp137_ds7: E=253.006 kWh, solver=0.35 s, oracle=24.35 s, feasible=True
DONE nn_n84_k10_h11_sp137_ds17: E=226.833 kWh, solver=0.38 s, oracle=24.24 s, feasible=True
DONE aco_n84_k10_h11_sp137_ds7: E=193.476 kWh, solver=38.27 s, oracle=24.35 s, feasible=True
DONE aco_n84_k10_h11_sp137_ds17: E=194.449 kWh, solver=37.46 s, oracle=24.24 s, feasible=True
DONE pso_n84_k10_h11_sp137_ds7: E=248.220 kWh, solver=24.25 s, oracle=24.35 s, feasible=True
DONE pso_n84_k10_h11_sp137_ds17: E=222.632 kWh, solver=26.06 s, oracle=24.24 s, feasible=True
DONE ga_n84_k10_h11_sp137_ds7: E=216.572 kWh, solver=34.08 s, oracle=24.35 s, feasible=True
DONE ga_n84_k10_h11_sp137_ds17: E=204.729 kWh, solver=36.67 s, oracle=24.24 s, feasible=True
FIGURES UPDATED after N=84 (8/20 instances complete): scalability_energy_per_bin_ieee.pdf, scalability_energy_per_bin_ieee.png, scalability_total_energy_ieee.pdf, scalability_total_energy_ieee.png, scalability_makespan_ieee.pdf, scalability_makespan_ieee.png, scalability_vehicle_completion_cdf_ieee.pdf, scalability_vehicle_completion_cdf_ieee.png, scalability_vehicle_energy_cdf_ieee.pdf, scalability_vehicle_energy_cdf_ieee.png
FIGURES UPDATED after N=84 (9/20 instances complete): scalability_energy_per_bin_ieee.pdf, scalability_energy_per_bin_ieee.png, scalability_total_energy_ieee.pdf, scalability_total_energy_ieee.png, scalability_makespan_ieee.pdf, scalability_makespan_ieee.png, scalability_vehicle_completion_cdf_ieee.pdf, scalability_vehicle_completion_cdf_ieee.png, scalability_vehicle_energy_cdf_ieee.pdf, scalability_vehicle_energy_cdf_ieee.png
DONE nn_n84_k10_h11_sp147_ds7: E=257.304 kWh, solver=0.37 s, oracle=22.74 s, feasible=True
DONE nn_n84_k10_h11_sp147_ds17: E=230.307 kWh, solver=0.40 s, oracle=23.36 s, feasible=True
DONE aco_n84_k10_h11_sp147_ds7: E=199.900 kWh, solver=35.90 s, oracle=22.74 s, feasible=True
DONE aco_n84_k10_h11_sp147_ds17: E=192.984 kWh, solver=36.32 s, oracle=23.36 s, feasible=True
DONE pso_n84_k10_h11_sp147_ds7: E=240.913 kWh, solver=21.70 s, oracle=22.74 s, feasible=True
DONE pso_n84_k10_h11_sp147_ds17: E=225.245 kWh, solver=20.72 s, oracle=23.36 s, feasible=True
DONE ga_n84_k10_h11_sp147_ds7: E=212.428 kWh, solver=37.69 s, oracle=22.74 s, feasible=True
DONE ga_n84_k10_h11_sp147_ds17: E=212.309 kWh, solver=34.69 s, oracle=23.36 s, feasible=True
FIGURES UPDATED after N=84 (10/20 instances complete): scalability_energy_per_bin_ieee.pdf, scalability_energy_per_bin_ieee.png, scalability_total_energy_ieee.pdf, scalability_total_energy_ieee.png, scalability_makespan_ieee.pdf, scalability_makespan_ieee.png, scalability_vehicle_completion_cdf_ieee.pdf, scalability_vehicle_completion_cdf_ieee.png, scalability_vehicle_energy_cdf_ieee.pdf, scalability_vehicle_energy_cdf_ieee.png
FIGURES UPDATED after N=84 (11/20 instances complete): scalability_energy_per_bin_ieee.pdf, scalability_energy_per_bin_ieee.png, scalability_total_energy_ieee.pdf, scalability_total_energy_ieee.png, scalability_makespan_ieee.pdf, scalability_makespan_ieee.png, scalability_vehicle_completion_cdf_ieee.pdf, scalability_vehicle_completion_cdf_ieee.png, scalability_vehicle_energy_cdf_ieee.pdf, scalability_vehicle_energy_cdf_ieee.png
DONE nn_n84_k10_h11_sp157_ds7: E=240.505 kWh, solver=0.34 s, oracle=23.09 s, feasible=True
DONE nn_n84_k10_h11_sp157_ds17: E=258.967 kWh, solver=0.35 s, oracle=23.62 s, feasible=True
DONE aco_n84_k10_h11_sp157_ds7: E=215.902 kWh, solver=34.24 s, oracle=23.09 s, feasible=True
DONE aco_n84_k10_h11_sp157_ds17: E=213.914 kWh, solver=33.65 s, oracle=23.62 s, feasible=True
DONE pso_n84_k10_h11_sp157_ds7: E=233.165 kWh, solver=20.37 s, oracle=23.09 s, feasible=True
DONE pso_n84_k10_h11_sp157_ds17: E=244.779 kWh, solver=20.92 s, oracle=23.62 s, feasible=True
DONE ga_n84_k10_h11_sp157_ds7: E=223.859 kWh, solver=26.59 s, oracle=23.09 s, feasible=True
DONE ga_n84_k10_h11_sp157_ds17: E=225.303 kWh, solver=29.78 s, oracle=23.62 s, feasible=True
FIGURES UPDATED after N=84 (12/20 instances complete): scalability_energy_per_bin_ieee.pdf, scalability_energy_per_bin_ieee.png, scalability_total_energy_ieee.pdf, scalability_total_energy_ieee.png, scalability_makespan_ieee.pdf, scalability_makespan_ieee.png, scalability_vehicle_completion_cdf_ieee.pdf, scalability_vehicle_completion_cdf_ieee.png, scalability_vehicle_energy_cdf_ieee.pdf, scalability_vehicle_energy_cdf_ieee.png
FIGURES UPDATED after N=84 (13/20 instances complete): scalability_energy_per_bin_ieee.pdf, scalability_energy_per_bin_ieee.png, scalability_total_energy_ieee.pdf, scalability_total_energy_ieee.png, scalability_makespan_ieee.pdf, scalability_makespan_ieee.png, scalability_vehicle_completion_cdf_ieee.pdf, scalability_vehicle_completion_cdf_ieee.png, scalability_vehicle_energy_cdf_ieee.pdf, scalability_vehicle_energy_cdf_ieee.png
DONE nn_n84_k10_h11_sp167_ds17: E=245.638 kWh, solver=0.35 s, oracle=21.58 s, feasible=True
DONE nn_n84_k10_h11_sp177_ds7: E=257.824 kWh, solver=0.35 s, oracle=21.64 s, feasible=True
DONE aco_n84_k10_h11_sp167_ds17: E=204.709 kWh, solver=32.56 s, oracle=21.58 s, feasible=True
DONE aco_n84_k10_h11_sp177_ds7: E=217.365 kWh, solver=31.97 s, oracle=21.64 s, feasible=True
DONE pso_n84_k10_h11_sp167_ds17: E=234.604 kWh, solver=17.29 s, oracle=21.58 s, feasible=True
DONE pso_n84_k10_h11_sp177_ds7: E=244.360 kWh, solver=21.01 s, oracle=21.64 s, feasible=True
DONE ga_n84_k10_h11_sp167_ds17: E=219.170 kWh, solver=28.47 s, oracle=21.58 s, feasible=True
DONE ga_n84_k10_h11_sp177_ds7: E=238.788 kWh, solver=28.24 s, oracle=21.64 s, feasible=True
FIGURES UPDATED after N=84 (14/20 instances complete): scalability_energy_per_bin_ieee.pdf, scalability_energy_per_bin_ieee.png, scalability_total_energy_ieee.pdf, scalability_total_energy_ieee.png, scalability_makespan_ieee.pdf, scalability_makespan_ieee.png, scalability_vehicle_completion_cdf_ieee.pdf, scalability_vehicle_completion_cdf_ieee.png, scalability_vehicle_energy_cdf_ieee.pdf, scalability_vehicle_energy_cdf_ieee.png
FIGURES UPDATED after N=84 (15/20 instances complete): scalability_energy_per_bin_ieee.pdf, scalability_energy_per_bin_ieee.png, scalability_total_energy_ieee.pdf, scalability_total_energy_ieee.png, scalability_makespan_ieee.pdf, scalability_makespan_ieee.png, scalability_vehicle_completion_cdf_ieee.pdf, scalability_vehicle_completion_cdf_ieee.png, scalability_vehicle_energy_cdf_ieee.pdf, scalability_vehicle_energy_cdf_ieee.png
DONE nn_n84_k10_h11_sp177_ds17: E=250.566 kWh, solver=0.31 s, oracle=22.10 s, feasible=True
DONE nn_n84_k10_h11_sp187_ds7: E=242.781 kWh, solver=0.33 s, oracle=21.74 s, feasible=True
DONE aco_n84_k10_h11_sp177_ds17: E=208.368 kWh, solver=31.63 s, oracle=22.10 s, feasible=True
DONE aco_n84_k10_h11_sp187_ds7: E=204.584 kWh, solver=31.13 s, oracle=21.74 s, feasible=True
DONE pso_n84_k10_h11_sp177_ds17: E=239.540 kWh, solver=19.20 s, oracle=22.10 s, feasible=True
DONE pso_n84_k10_h11_sp187_ds7: E=231.780 kWh, solver=15.96 s, oracle=21.74 s, feasible=True
DONE ga_n84_k10_h11_sp187_ds7: E=210.529 kWh, solver=27.93 s, oracle=21.74 s, feasible=True
DONE ga_n84_k10_h11_sp177_ds17: E=217.183 kWh, solver=32.80 s, oracle=22.10 s, feasible=True
FIGURES UPDATED after N=84 (16/20 instances complete): scalability_energy_per_bin_ieee.pdf, scalability_energy_per_bin_ieee.png, scalability_total_energy_ieee.pdf, scalability_total_energy_ieee.png, scalability_makespan_ieee.pdf, scalability_makespan_ieee.png, scalability_vehicle_completion_cdf_ieee.pdf, scalability_vehicle_completion_cdf_ieee.png, scalability_vehicle_energy_cdf_ieee.pdf, scalability_vehicle_energy_cdf_ieee.png
FIGURES UPDATED after N=84 (17/20 instances complete): scalability_energy_per_bin_ieee.pdf, scalability_energy_per_bin_ieee.png, scalability_total_energy_ieee.pdf, scalability_total_energy_ieee.png, scalability_makespan_ieee.pdf, scalability_makespan_ieee.png, scalability_vehicle_completion_cdf_ieee.pdf, scalability_vehicle_completion_cdf_ieee.png, scalability_vehicle_energy_cdf_ieee.pdf, scalability_vehicle_energy_cdf_ieee.png
DONE nn_n84_k10_h11_sp187_ds17: E=221.553 kWh, solver=0.37 s, oracle=22.70 s, feasible=True
DONE nn_n84_k10_h11_sp197_ds7: E=260.652 kWh, solver=0.32 s, oracle=22.84 s, feasible=True
DONE aco_n84_k10_h11_sp187_ds17: E=198.780 kWh, solver=31.71 s, oracle=22.70 s, feasible=True
DONE aco_n84_k10_h11_sp197_ds7: E=220.505 kWh, solver=31.43 s, oracle=22.84 s, feasible=True
DONE pso_n84_k10_h11_sp187_ds17: E=216.641 kWh, solver=18.04 s, oracle=22.70 s, feasible=True
DONE pso_n84_k10_h11_sp197_ds7: E=250.357 kWh, solver=19.87 s, oracle=22.84 s, feasible=True
DONE ga_n84_k10_h11_sp187_ds17: E=212.333 kWh, solver=24.38 s, oracle=22.70 s, feasible=True
DONE ga_n84_k10_h11_sp197_ds7: E=245.093 kWh, solver=27.58 s, oracle=22.84 s, feasible=True
FIGURES UPDATED after N=84 (18/20 instances complete): scalability_energy_per_bin_ieee.pdf, scalability_energy_per_bin_ieee.png, scalability_total_energy_ieee.pdf, scalability_total_energy_ieee.png, scalability_makespan_ieee.pdf, scalability_makespan_ieee.png, scalability_vehicle_completion_cdf_ieee.pdf, scalability_vehicle_completion_cdf_ieee.png, scalability_vehicle_energy_cdf_ieee.pdf, scalability_vehicle_energy_cdf_ieee.png
FIGURES UPDATED after N=84 (19/20 instances complete): scalability_energy_per_bin_ieee.pdf, scalability_energy_per_bin_ieee.png, scalability_total_energy_ieee.pdf, scalability_total_energy_ieee.png, scalability_makespan_ieee.pdf, scalability_makespan_ieee.png, scalability_vehicle_completion_cdf_ieee.pdf, scalability_vehicle_completion_cdf_ieee.png, scalability_vehicle_energy_cdf_ieee.pdf, scalability_vehicle_energy_cdf_ieee.png
DONE nn_n84_k10_h11_sp197_ds17: E=244.713 kWh, solver=0.33 s, oracle=22.02 s, feasible=True
DONE nn_n100_k12_h11_sp107_ds17: E=283.084 kWh, solver=0.52 s, oracle=25.14 s, feasible=True
DONE aco_n84_k10_h11_sp197_ds17: E=225.729 kWh, solver=31.39 s, oracle=22.02 s, feasible=True
DONE aco_n100_k12_h11_sp107_ds17: E=256.659 kWh, solver=38.09 s, oracle=25.14 s, feasible=True
DONE pso_n84_k10_h11_sp197_ds17: E=240.259 kWh, solver=17.76 s, oracle=22.02 s, feasible=True
DONE pso_n100_k12_h11_sp107_ds17: E=273.422 kWh, solver=26.22 s, oracle=25.14 s, feasible=True
DONE ga_n84_k10_h11_sp197_ds17: E=231.221 kWh, solver=27.98 s, oracle=22.02 s, feasible=True
FIGURES UPDATED after N=84 (20/20 instances complete): scalability_energy_per_bin_ieee.pdf, scalability_energy_per_bin_ieee.png, scalability_total_energy_ieee.pdf, scalability_total_energy_ieee.png, scalability_makespan_ieee.pdf, scalability_makespan_ieee.png, scalability_vehicle_completion_cdf_ieee.pdf, scalability_vehicle_completion_cdf_ieee.png, scalability_vehicle_energy_cdf_ieee.pdf, scalability_vehicle_energy_cdf_ieee.png
DONE ga_n100_k12_h11_sp107_ds17: E=265.698 kWh, solver=39.52 s, oracle=25.14 s, feasible=True
FIGURES UPDATED after N=100 (6/20 instances complete): scalability_energy_per_bin_ieee.pdf, scalability_energy_per_bin_ieee.png, scalability_total_energy_ieee.pdf, scalability_total_energy_ieee.png, scalability_makespan_ieee.pdf, scalability_makespan_ieee.png, scalability_vehicle_completion_cdf_ieee.pdf, scalability_vehicle_completion_cdf_ieee.png, scalability_vehicle_energy_cdf_ieee.pdf, scalability_vehicle_energy_cdf_ieee.png
DONE nn_n100_k12_h11_sp117_ds7: E=291.518 kWh, solver=0.55 s, oracle=24.80 s, feasible=True
DONE nn_n100_k12_h11_sp117_ds17: E=272.188 kWh, solver=0.56 s, oracle=26.57 s, feasible=True
DONE aco_n100_k12_h11_sp117_ds7: E=241.019 kWh, solver=43.40 s, oracle=24.80 s, feasible=True
DONE aco_n100_k12_h11_sp117_ds17: E=234.011 kWh, solver=39.02 s, oracle=26.57 s, feasible=True
DONE pso_n100_k12_h11_sp117_ds7: E=275.354 kWh, solver=32.71 s, oracle=24.80 s, feasible=True
DONE pso_n100_k12_h11_sp117_ds17: E=265.667 kWh, solver=36.69 s, oracle=26.57 s, feasible=True
DONE ga_n100_k12_h11_sp117_ds7: E=267.844 kWh, solver=57.13 s, oracle=24.80 s, feasible=True
FIGURES UPDATED after N=100 (7/20 instances complete): scalability_energy_per_bin_ieee.pdf, scalability_energy_per_bin_ieee.png, scalability_total_energy_ieee.pdf, scalability_total_energy_ieee.png, scalability_makespan_ieee.pdf, scalability_makespan_ieee.png, scalability_vehicle_completion_cdf_ieee.pdf, scalability_vehicle_completion_cdf_ieee.png, scalability_vehicle_energy_cdf_ieee.pdf, scalability_vehicle_energy_cdf_ieee.png
DONE ga_n100_k12_h11_sp117_ds17: E=251.420 kWh, solver=47.62 s, oracle=26.57 s, feasible=True
FIGURES UPDATED after N=100 (8/20 instances complete): scalability_energy_per_bin_ieee.pdf, scalability_energy_per_bin_ieee.png, scalability_total_energy_ieee.pdf, scalability_total_energy_ieee.png, scalability_makespan_ieee.pdf, scalability_makespan_ieee.png, scalability_vehicle_completion_cdf_ieee.pdf, scalability_vehicle_completion_cdf_ieee.png, scalability_vehicle_energy_cdf_ieee.pdf, scalability_vehicle_energy_cdf_ieee.png
DONE nn_n100_k12_h11_sp127_ds17: E=291.753 kWh, solver=0.55 s, oracle=26.30 s, feasible=True
DONE nn_n100_k12_h11_sp137_ds7: E=281.317 kWh, solver=0.56 s, oracle=26.63 s, feasible=True
DONE aco_n100_k12_h11_sp127_ds17: E=241.371 kWh, solver=41.93 s, oracle=26.30 s, feasible=True
DONE aco_n100_k12_h11_sp137_ds7: E=244.063 kWh, solver=41.48 s, oracle=26.63 s, feasible=True
DONE pso_n100_k12_h11_sp127_ds17: E=284.925 kWh, solver=31.89 s, oracle=26.30 s, feasible=True
DONE pso_n100_k12_h11_sp137_ds7: E=277.110 kWh, solver=27.86 s, oracle=26.63 s, feasible=True
DONE ga_n100_k12_h11_sp127_ds17: E=271.511 kWh, solver=44.79 s, oracle=26.30 s, feasible=True
FIGURES UPDATED after N=100 (9/20 instances complete): scalability_energy_per_bin_ieee.pdf, scalability_energy_per_bin_ieee.png, scalability_total_energy_ieee.pdf, scalability_total_energy_ieee.png, scalability_makespan_ieee.pdf, scalability_makespan_ieee.png, scalability_vehicle_completion_cdf_ieee.pdf, scalability_vehicle_completion_cdf_ieee.png, scalability_vehicle_energy_cdf_ieee.pdf, scalability_vehicle_energy_cdf_ieee.png
DONE ga_n100_k12_h11_sp137_ds7: E=253.416 kWh, solver=36.85 s, oracle=26.63 s, feasible=True
FIGURES UPDATED after N=100 (10/20 instances complete): scalability_energy_per_bin_ieee.pdf, scalability_energy_per_bin_ieee.png, scalability_total_energy_ieee.pdf, scalability_total_energy_ieee.png, scalability_makespan_ieee.pdf, scalability_makespan_ieee.png, scalability_vehicle_completion_cdf_ieee.pdf, scalability_vehicle_completion_cdf_ieee.png, scalability_vehicle_energy_cdf_ieee.pdf, scalability_vehicle_energy_cdf_ieee.png
DONE nn_n100_k12_h11_sp137_ds17: E=265.898 kWh, solver=0.68 s, oracle=26.81 s, feasible=True
DONE nn_n100_k12_h11_sp147_ds17: E=253.752 kWh, solver=0.56 s, oracle=27.25 s, feasible=True
DONE aco_n100_k12_h11_sp137_ds17: E=237.405 kWh, solver=42.50 s, oracle=26.81 s, feasible=True
DONE aco_n100_k12_h11_sp147_ds17: E=224.847 kWh, solver=40.24 s, oracle=27.25 s, feasible=True
DONE pso_n100_k12_h11_sp137_ds17: E=259.381 kWh, solver=27.99 s, oracle=26.81 s, feasible=True
DONE pso_n100_k12_h11_sp147_ds17: E=250.232 kWh, solver=26.38 s, oracle=27.25 s, feasible=True
DONE ga_n100_k12_h11_sp137_ds17: E=248.727 kWh, solver=34.23 s, oracle=26.81 s, feasible=True
FIGURES UPDATED after N=100 (11/20 instances complete): scalability_energy_per_bin_ieee.pdf, scalability_energy_per_bin_ieee.png, scalability_total_energy_ieee.pdf, scalability_total_energy_ieee.png, scalability_makespan_ieee.pdf, scalability_makespan_ieee.png, scalability_vehicle_completion_cdf_ieee.pdf, scalability_vehicle_completion_cdf_ieee.png, scalability_vehicle_energy_cdf_ieee.pdf, scalability_vehicle_energy_cdf_ieee.png
DONE ga_n100_k12_h11_sp147_ds17: E=239.600 kWh, solver=52.03 s, oracle=27.25 s, feasible=True
FIGURES UPDATED after N=100 (12/20 instances complete): scalability_energy_per_bin_ieee.pdf, scalability_energy_per_bin_ieee.png, scalability_total_energy_ieee.pdf, scalability_total_energy_ieee.png, scalability_makespan_ieee.pdf, scalability_makespan_ieee.png, scalability_vehicle_completion_cdf_ieee.pdf, scalability_vehicle_completion_cdf_ieee.png, scalability_vehicle_energy_cdf_ieee.pdf, scalability_vehicle_energy_cdf_ieee.png
DONE nn_n100_k12_h11_sp157_ds17: E=296.272 kWh, solver=0.48 s, oracle=26.26 s, feasible=True
DONE nn_n100_k12_h11_sp167_ds7: E=275.767 kWh, solver=0.53 s, oracle=23.71 s, feasible=True
DONE aco_n100_k12_h11_sp157_ds17: E=243.851 kWh, solver=37.61 s, oracle=26.26 s, feasible=True
DONE aco_n100_k12_h11_sp167_ds7: E=239.017 kWh, solver=38.85 s, oracle=23.71 s, feasible=True
DONE pso_n100_k12_h11_sp157_ds17: E=292.096 kWh, solver=28.30 s, oracle=26.26 s, feasible=True
DONE pso_n100_k12_h11_sp167_ds7: E=272.037 kWh, solver=23.99 s, oracle=23.71 s, feasible=True
DONE ga_n100_k12_h11_sp157_ds17: E=263.211 kWh, solver=39.99 s, oracle=26.26 s, feasible=True
FIGURES UPDATED after N=100 (13/20 instances complete): scalability_energy_per_bin_ieee.pdf, scalability_energy_per_bin_ieee.png, scalability_total_energy_ieee.pdf, scalability_total_energy_ieee.png, scalability_makespan_ieee.pdf, scalability_makespan_ieee.png, scalability_vehicle_completion_cdf_ieee.pdf, scalability_vehicle_completion_cdf_ieee.png, scalability_vehicle_energy_cdf_ieee.pdf, scalability_vehicle_energy_cdf_ieee.png
DONE ga_n100_k12_h11_sp167_ds7: E=250.604 kWh, solver=36.65 s, oracle=23.71 s, feasible=True
FIGURES UPDATED after N=100 (14/20 instances complete): scalability_energy_per_bin_ieee.pdf, scalability_energy_per_bin_ieee.png, scalability_total_energy_ieee.pdf, scalability_total_energy_ieee.png, scalability_makespan_ieee.pdf, scalability_makespan_ieee.png, scalability_vehicle_completion_cdf_ieee.pdf, scalability_vehicle_completion_cdf_ieee.png, scalability_vehicle_energy_cdf_ieee.pdf, scalability_vehicle_energy_cdf_ieee.png
DONE nn_n100_k12_h11_sp177_ds7: E=291.633 kWh, solver=0.47 s, oracle=25.05 s, feasible=True
DONE nn_n100_k12_h11_sp177_ds17: E=287.189 kWh, solver=0.53 s, oracle=26.80 s, feasible=True
DONE aco_n100_k12_h11_sp177_ds7: E=242.208 kWh, solver=41.69 s, oracle=25.05 s, feasible=True
DONE aco_n100_k12_h11_sp177_ds17: E=238.923 kWh, solver=39.53 s, oracle=26.80 s, feasible=True
DONE pso_n100_k12_h11_sp177_ds7: E=287.799 kWh, solver=28.98 s, oracle=25.05 s, feasible=True
DONE pso_n100_k12_h11_sp177_ds17: E=276.043 kWh, solver=30.48 s, oracle=26.80 s, feasible=True
DONE ga_n100_k12_h11_sp177_ds7: E=266.181 kWh, solver=39.11 s, oracle=25.05 s, feasible=True
FIGURES UPDATED after N=100 (15/20 instances complete): scalability_energy_per_bin_ieee.pdf, scalability_energy_per_bin_ieee.png, scalability_total_energy_ieee.pdf, scalability_total_energy_ieee.png, scalability_makespan_ieee.pdf, scalability_makespan_ieee.png, scalability_vehicle_completion_cdf_ieee.pdf, scalability_vehicle_completion_cdf_ieee.png, scalability_vehicle_energy_cdf_ieee.pdf, scalability_vehicle_energy_cdf_ieee.png
DONE ga_n100_k12_h11_sp177_ds17: E=262.222 kWh, solver=36.47 s, oracle=26.80 s, feasible=True
WARNING: figure update failed after N=100: PermissionError: [WinError 5] Access is denied: 'C:\\Users\\guild\\Dropbox\\research\\code\\TSP_new_new\\TSP-FactorGraph\\figures\\scalability\\.scalability_vehicle_completion_cdf_ieee.pdf' -> 'C:\\Users\\guild\\Dropbox\\research\\code\\TSP_new_new\\TSP-FactorGraph\\figures\\scalability\\scalability_vehicle_completion_cdf_ieee.pdf'
DONE nn_n100_k12_h11_sp187_ds7: E=253.968 kWh, solver=0.52 s, oracle=24.68 s, feasible=True
DONE nn_n100_k12_h11_sp187_ds17: E=254.333 kWh, solver=0.53 s, oracle=24.38 s, feasible=True
DONE aco_n100_k12_h11_sp187_ds7: E=231.450 kWh, solver=37.40 s, oracle=24.68 s, feasible=True
DONE aco_n100_k12_h11_sp187_ds17: E=222.058 kWh, solver=38.16 s, oracle=24.38 s, feasible=True
DONE pso_n100_k12_h11_sp187_ds7: E=250.507 kWh, solver=22.75 s, oracle=24.68 s, feasible=True
DONE pso_n100_k12_h11_sp187_ds17: E=249.426 kWh, solver=25.69 s, oracle=24.38 s, feasible=True
DONE ga_n100_k12_h11_sp187_ds7: E=248.506 kWh, solver=32.83 s, oracle=24.68 s, feasible=True
FIGURES UPDATED after N=100 (17/20 instances complete): scalability_energy_per_bin_ieee.pdf, scalability_energy_per_bin_ieee.png, scalability_total_energy_ieee.pdf, scalability_total_energy_ieee.png, scalability_makespan_ieee.pdf, scalability_makespan_ieee.png, scalability_vehicle_completion_cdf_ieee.pdf, scalability_vehicle_completion_cdf_ieee.png, scalability_vehicle_energy_cdf_ieee.pdf, scalability_vehicle_energy_cdf_ieee.png
DONE ga_n100_k12_h11_sp187_ds17: E=237.351 kWh, solver=34.93 s, oracle=24.38 s, feasible=True
FIGURES UPDATED after N=100 (18/20 instances complete): scalability_energy_per_bin_ieee.pdf, scalability_energy_per_bin_ieee.png, scalability_total_energy_ieee.pdf, scalability_total_energy_ieee.png, scalability_makespan_ieee.pdf, scalability_makespan_ieee.png, scalability_vehicle_completion_cdf_ieee.pdf, scalability_vehicle_completion_cdf_ieee.png, scalability_vehicle_energy_cdf_ieee.pdf, scalability_vehicle_energy_cdf_ieee.png
DONE nn_n100_k12_h11_sp197_ds7: E=280.148 kWh, solver=0.49 s, oracle=25.19 s, feasible=True
DONE nn_n100_k12_h11_sp197_ds17: E=289.321 kWh, solver=0.66 s, oracle=26.64 s, feasible=True
DONE aco_n100_k12_h11_sp197_ds7: E=254.490 kWh, solver=43.95 s, oracle=25.19 s, feasible=True
DONE aco_n100_k12_h11_sp197_ds17: E=248.621 kWh, solver=41.86 s, oracle=26.64 s, feasible=True
DONE pso_n100_k12_h11_sp197_ds7: E=277.842 kWh, solver=22.55 s, oracle=25.19 s, feasible=True
DONE pso_n100_k12_h11_sp197_ds17: E=286.505 kWh, solver=26.82 s, oracle=26.64 s, feasible=True
DONE ga_n100_k12_h11_sp197_ds7: E=272.024 kWh, solver=40.62 s, oracle=25.19 s, feasible=True
WARNING: figure update failed after N=100: PermissionError: [WinError 5] Access is denied: 'C:\\Users\\guild\\Dropbox\\research\\code\\TSP_new_new\\TSP-FactorGraph\\figures\\scalability\\.scalability_vehicle_completion_cdf_ieee.png' -> 'C:\\Users\\guild\\Dropbox\\research\\code\\TSP_new_new\\TSP-FactorGraph\\figures\\scalability\\scalability_vehicle_completion_cdf_ieee.png'
DONE ga_n100_k12_h11_sp197_ds17: E=266.869 kWh, solver=44.64 s, oracle=26.64 s, feasible=True
FIGURES UPDATED after N=100 (20/20 instances complete): scalability_energy_per_bin_ieee.pdf, scalability_energy_per_bin_ieee.png, scalability_total_energy_ieee.pdf, scalability_total_energy_ieee.png, scalability_makespan_ieee.pdf, scalability_makespan_ieee.png, scalability_vehicle_completion_cdf_ieee.pdf, scalability_vehicle_completion_cdf_ieee.png, scalability_vehicle_energy_cdf_ieee.pdf, scalability_vehicle_energy_cdf_ieee.png
DONE nn_n120_k14_h11_sp107_ds7: E=346.494 kWh, solver=0.90 s, oracle=31.55 s, feasible=True
DONE nn_n120_k14_h11_sp117_ds7: E=312.484 kWh, solver=0.77 s, oracle=30.61 s, feasible=True
DONE aco_n120_k14_h11_sp107_ds7: E=298.250 kWh, solver=49.75 s, oracle=31.55 s, feasible=True
DONE aco_n120_k14_h11_sp117_ds7: E=281.376 kWh, solver=50.52 s, oracle=30.61 s, feasible=True
DONE pso_n120_k14_h11_sp107_ds7: E=339.584 kWh, solver=44.21 s, oracle=31.55 s, feasible=True
DONE pso_n120_k14_h11_sp117_ds7: E=293.007 kWh, solver=54.16 s, oracle=30.61 s, feasible=True
DONE ga_n120_k14_h11_sp107_ds7: E=320.941 kWh, solver=66.30 s, oracle=31.55 s, feasible=True
FIGURES UPDATED after N=120 (18/20 instances complete): scalability_energy_per_bin_ieee.pdf, scalability_energy_per_bin_ieee.png, scalability_total_energy_ieee.pdf, scalability_total_energy_ieee.png, scalability_makespan_ieee.pdf, scalability_makespan_ieee.png, scalability_vehicle_completion_cdf_ieee.pdf, scalability_vehicle_completion_cdf_ieee.png, scalability_vehicle_energy_cdf_ieee.pdf, scalability_vehicle_energy_cdf_ieee.png
DONE ga_n120_k14_h11_sp117_ds7: E=292.891 kWh, solver=68.08 s, oracle=30.61 s, feasible=True
FIGURES UPDATED after N=120 (19/20 instances complete): scalability_energy_per_bin_ieee.pdf, scalability_energy_per_bin_ieee.png, scalability_total_energy_ieee.pdf, scalability_total_energy_ieee.png, scalability_makespan_ieee.pdf, scalability_makespan_ieee.png, scalability_vehicle_completion_cdf_ieee.pdf, scalability_vehicle_completion_cdf_ieee.png, scalability_vehicle_energy_cdf_ieee.pdf, scalability_vehicle_energy_cdf_ieee.png
DONE nn_n120_k14_h11_sp147_ds17: E=316.572 kWh, solver=1.03 s, oracle=33.00 s, feasible=True
DONE aco_n120_k14_h11_sp147_ds17: E=266.017 kWh, solver=54.16 s, oracle=33.00 s, feasible=True
DONE pso_n120_k14_h11_sp147_ds17: E=308.803 kWh, solver=51.93 s, oracle=33.00 s, feasible=True
DONE ga_n120_k14_h11_sp147_ds17: E=292.318 kWh, solver=64.05 s, oracle=33.00 s, feasible=True
