RUN C:\Users\guild\.conda\envs\tsp\python.exe -m scripts.hourly_online --hours 0 1 2 3 4 5 6 7 8 9 10 11 12 13 14 15 16 17 18 19 20 21 22 23 --n-bins 84 --vehicles 10 --demand-seed 7 --solver-seed 7 --methods proposed nn aco pso ga --max-simulation-minutes 180.0 --traffic-step-s 60.0 --replanning-interval-s 300.0 --output-dir C:\Users\guild\Dropbox\research\code\TSP_new_new\TSP-FactorGraph\results\hourly_online --figure-dir C:\Users\guild\Dropbox\research\code\TSP_new_new\TSP-FactorGraph\figures\hourly_online --max-rounds 32 --assignment-rounds 24 --damping 0.5 --tolerance 0.001 --oracle-slots 2 --resume
DONE proposed/adaptive: E=90.747 kWh, T=2745.7 s, planning=1504.8 s
DONE nn/adaptive: E=116.068 kWh, T=2842.3 s, planning=88.8 s
DONE aco/adaptive: E=97.100 kWh, T=2690.1 s, planning=652.5 s
DONE pso/adaptive: E=111.595 kWh, T=2981.5 s, planning=2003.2 s
DONE ga/adaptive: E=104.675 kWh, T=3228.0 s, planning=3551.5 s
DONE proposed/adaptive: E=80.900 kWh, T=2614.2 s, planning=1745.4 s
DONE nn/adaptive: E=98.602 kWh, T=2677.2 s, planning=97.5 s
DONE aco/adaptive: E=84.380 kWh, T=2927.6 s, planning=535.7 s
DONE pso/adaptive: E=91.021 kWh, T=2694.0 s, planning=2132.4 s
DONE ga/adaptive: E=85.170 kWh, T=2570.3 s, planning=1443.3 s
DONE proposed/adaptive: E=82.606 kWh, T=2494.5 s, planning=1943.0 s
DONE nn/adaptive: E=99.156 kWh, T=2652.7 s, planning=93.4 s
DONE aco/adaptive: E=86.399 kWh, T=2598.4 s, planning=397.3 s
DONE pso/adaptive: E=94.538 kWh, T=2992.4 s, planning=1503.5 s
DONE ga/adaptive: E=86.524 kWh, T=2529.5 s, planning=1856.1 s
DONE proposed/adaptive: E=80.610 kWh, T=2855.1 s, planning=1333.4 s
DONE nn/adaptive: E=99.129 kWh, T=2483.6 s, planning=80.5 s
DONE aco/adaptive: E=85.402 kWh, T=2668.3 s, planning=588.7 s
DONE pso/adaptive: E=94.428 kWh, T=2499.0 s, planning=2051.2 s
DONE ga/adaptive: E=89.463 kWh, T=2708.8 s, planning=2874.5 s
DONE proposed/adaptive: E=79.110 kWh, T=2812.7 s, planning=2071.6 s
DONE nn/adaptive: E=97.484 kWh, T=2776.7 s, planning=89.8 s
DONE aco/adaptive: E=84.705 kWh, T=2715.1 s, planning=552.9 s
DONE pso/adaptive: E=94.103 kWh, T=2761.9 s, planning=1916.6 s
DONE ga/adaptive: E=87.496 kWh, T=2578.1 s, planning=2806.7 s
DONE proposed/adaptive: E=83.977 kWh, T=2685.3 s, planning=1262.6 s
DONE nn/adaptive: E=107.029 kWh, T=2918.4 s, planning=89.4 s
DONE aco/adaptive: E=89.594 kWh, T=2652.7 s, planning=626.9 s
DONE pso/adaptive: E=97.061 kWh, T=3369.9 s, planning=1731.2 s
DONE ga/adaptive: E=92.332 kWh, T=3062.5 s, planning=2763.0 s
DONE proposed/adaptive: E=94.398 kWh, T=2641.7 s, planning=1714.7 s
DONE nn/adaptive: E=115.474 kWh, T=3132.6 s, planning=101.1 s
DONE aco/adaptive: E=100.529 kWh, T=2747.9 s, planning=551.0 s
DONE pso/adaptive: E=115.162 kWh, T=3433.8 s, planning=2004.5 s
DONE ga/adaptive: E=105.828 kWh, T=2921.3 s, planning=3218.2 s
DONE proposed/adaptive: E=110.810 kWh, T=3093.3 s, planning=1621.4 s
DONE nn/adaptive: E=128.903 kWh, T=2849.9 s, planning=80.4 s
DONE aco/adaptive: E=118.609 kWh, T=3041.3 s, planning=732.8 s
DONE pso/adaptive: E=127.433 kWh, T=3006.5 s, planning=2094.2 s
DONE ga/adaptive: E=120.524 kWh, T=3320.3 s, planning=2685.7 s
DONE proposed/adaptive: E=129.717 kWh, T=2830.4 s, planning=1444.0 s
DONE nn/adaptive: E=162.665 kWh, T=3361.4 s, planning=97.8 s
DONE aco/adaptive: E=131.634 kWh, T=3339.0 s, planning=618.6 s
DONE pso/adaptive: E=149.087 kWh, T=3129.6 s, planning=1915.3 s
DONE ga/adaptive: E=141.624 kWh, T=3028.0 s, planning=2420.3 s
DONE proposed/adaptive: E=143.579 kWh, T=3024.6 s, planning=1745.0 s
DONE nn/adaptive: E=165.005 kWh, T=3319.6 s, planning=102.6 s
DONE aco/adaptive: E=143.923 kWh, T=3643.7 s, planning=811.7 s
DONE pso/adaptive: E=161.268 kWh, T=3321.0 s, planning=4018.5 s
DONE ga/adaptive: E=150.477 kWh, T=3354.7 s, planning=3982.3 s
DONE proposed/adaptive: E=160.894 kWh, T=3330.3 s, planning=2922.5 s
DONE nn/adaptive: E=193.501 kWh, T=3744.6 s, planning=142.3 s
DONE aco/adaptive: E=163.778 kWh, T=3383.1 s, planning=970.8 s
DONE pso/adaptive: E=181.217 kWh, T=3460.5 s, planning=2925.5 s
DONE ga/adaptive: E=171.859 kWh, T=3210.4 s, planning=4400.8 s
DONE proposed/adaptive: E=165.792 kWh, T=3223.8 s, planning=3022.9 s
DONE nn/adaptive: E=205.634 kWh, T=3193.3 s, planning=140.5 s
