RUN C:\Users\guild\.conda\envs\tsp\python.exe -m scripts.hourly_online --hours 0 1 2 3 4 5 6 7 8 9 10 11 12 13 14 15 16 17 18 19 20 21 22 23 --n-bins 84 --vehicles 10 --demand-seed 7 --solver-seed 7 --methods proposed nn aco pso ga --max-simulation-minutes 180.0 --traffic-step-s 60.0 --replanning-interval-s 300.0 --parallel-jobs 3 --output-dir C:\Users\guild\Dropbox\research\code\TSP_new_new\TSP-FactorGraph\results\hourly_online --figure-dir C:\Users\guild\Dropbox\research\code\TSP_new_new\TSP-FactorGraph\figures\hourly_online --max-rounds 32 --assignment-rounds 24 --damping 0.5 --tolerance 0.001 --oracle-slots 2 --resume
REUSE start hour 00
REUSE start hour 01
REUSE start hour 02
REUSE start hour 03
REUSE start hour 04
REUSE start hour 05
REUSE start hour 06
REUSE start hour 07
REUSE start hour 08
REUSE start hour 09
REUSE start hour 10
REUSE start hour 11
PARALLEL start-hour execution with 3 workers
DONE proposed/adaptive: E=132.388 kWh, T=2876.1 s, planning=1880.0 s
DONE proposed/adaptive: E=147.490 kWh, T=2943.5 s, planning=1957.3 s
DONE proposed/adaptive: E=166.983 kWh, T=3021.2 s, planning=2319.4 s
DONE nn/adaptive: E=163.430 kWh, T=3374.9 s, planning=119.3 s
DONE nn/adaptive: E=180.099 kWh, T=3213.0 s, planning=118.8 s
DONE nn/adaptive: E=205.595 kWh, T=3605.2 s, planning=132.4 s
DONE aco/adaptive: E=142.516 kWh, T=2868.5 s, planning=932.7 s
DONE aco/adaptive: E=152.119 kWh, T=3363.3 s, planning=1053.1 s
DONE aco/adaptive: E=166.663 kWh, T=4035.2 s, planning=1117.0 s
DONE pso/adaptive: E=151.203 kWh, T=2705.1 s, planning=2071.9 s
DONE pso/adaptive: E=169.444 kWh, T=3114.3 s, planning=1972.6 s
DONE pso/adaptive: E=200.362 kWh, T=3568.3 s, planning=2879.0 s
DONE ga/adaptive: E=168.295 kWh, T=3202.6 s, planning=3362.8 s
FIGURES UPDATED after start hour 13
DONE ga/adaptive: E=145.556 kWh, T=3114.6 s, planning=3798.4 s
FIGURES UPDATED after start hour 14
DONE ga/adaptive: E=176.949 kWh, T=3709.4 s, planning=3564.2 s
FIGURES UPDATED after start hour 12
DONE proposed/adaptive: E=132.522 kWh, T=2797.4 s, planning=1629.7 s
DONE proposed/adaptive: E=148.064 kWh, T=2896.9 s, planning=1614.1 s
DONE nn/adaptive: E=166.136 kWh, T=3157.9 s, planning=116.5 s
DONE nn/adaptive: E=170.062 kWh, T=3419.7 s, planning=109.5 s
DONE proposed/adaptive: E=132.793 kWh, T=3052.1 s, planning=1585.3 s
DONE aco/adaptive: E=138.082 kWh, T=2706.5 s, planning=737.3 s
DONE aco/adaptive: E=150.639 kWh, T=2907.0 s, planning=785.7 s
DONE nn/adaptive: E=159.792 kWh, T=2909.6 s, planning=103.1 s
DONE aco/adaptive: E=137.460 kWh, T=2576.5 s, planning=663.5 s
DONE pso/adaptive: E=157.569 kWh, T=2712.3 s, planning=2452.7 s
DONE pso/adaptive: E=166.884 kWh, T=2874.0 s, planning=2959.1 s
DONE pso/adaptive: E=154.759 kWh, T=2982.3 s, planning=1910.8 s
DONE ga/adaptive: E=145.848 kWh, T=2888.9 s, planning=2270.4 s
FIGURES UPDATED after start hour 15
DONE ga/adaptive: E=147.260 kWh, T=2880.8 s, planning=2821.0 s
FIGURES UPDATED after start hour 17
DONE ga/adaptive: E=156.917 kWh, T=3151.6 s, planning=3438.7 s
FIGURES UPDATED after start hour 16
DONE proposed/adaptive: E=120.241 kWh, T=2672.7 s, planning=1704.6 s
DONE nn/adaptive: E=146.695 kWh, T=2684.5 s, planning=94.1 s
DONE proposed/adaptive: E=108.185 kWh, T=2799.0 s, planning=1583.0 s
DONE aco/adaptive: E=124.723 kWh, T=3366.9 s, planning=755.7 s
DONE proposed/adaptive: E=117.471 kWh, T=2829.7 s, planning=1628.3 s
DONE nn/adaptive: E=132.617 kWh, T=3211.5 s, planning=113.7 s
DONE nn/adaptive: E=144.885 kWh, T=3321.2 s, planning=122.3 s
DONE aco/adaptive: E=114.772 kWh, T=2794.8 s, planning=725.8 s
DONE aco/adaptive: E=121.562 kWh, T=3420.5 s, planning=780.4 s
DONE pso/adaptive: E=138.153 kWh, T=2893.1 s, planning=2211.1 s
DONE pso/adaptive: E=126.014 kWh, T=3079.1 s, planning=2434.9 s
DONE pso/adaptive: E=132.772 kWh, T=2992.8 s, planning=2058.0 s
DONE ga/adaptive: E=132.566 kWh, T=2757.9 s, planning=2863.1 s
FIGURES UPDATED after start hour 18
DONE ga/adaptive: E=126.884 kWh, T=2899.4 s, planning=2844.6 s
FIGURES UPDATED after start hour 19
DONE proposed/adaptive: E=113.107 kWh, T=2986.6 s, planning=1344.5 s
DONE nn/adaptive: E=142.042 kWh, T=2845.5 s, planning=95.9 s
DONE ga/adaptive: E=127.878 kWh, T=3067.1 s, planning=3270.6 s
FIGURES UPDATED after start hour 20
DONE aco/adaptive: E=120.945 kWh, T=3085.5 s, planning=595.9 s
DONE proposed/adaptive: E=98.143 kWh, T=2873.0 s, planning=2393.7 s
DONE proposed/adaptive: E=92.048 kWh, T=3242.2 s, planning=2212.9 s
DONE nn/adaptive: E=122.263 kWh, T=2739.5 s, planning=102.0 s
DONE nn/adaptive: E=112.385 kWh, T=2880.3 s, planning=104.3 s
DONE pso/adaptive: E=132.984 kWh, T=2800.5 s, planning=2259.8 s
DONE aco/adaptive: E=101.991 kWh, T=3368.8 s, planning=536.5 s
DONE aco/adaptive: E=96.507 kWh, T=2876.3 s, planning=770.0 s
DONE pso/adaptive: E=118.237 kWh, T=3129.6 s, planning=2554.6 s
DONE ga/adaptive: E=128.561 kWh, T=2956.6 s, planning=3532.4 s
FIGURES UPDATED after start hour 21
DONE pso/adaptive: E=112.922 kWh, T=2858.1 s, planning=2789.7 s
DONE ga/adaptive: E=110.190 kWh, T=3162.7 s, planning=3278.7 s
FIGURES UPDATED after start hour 22
DONE ga/adaptive: E=104.978 kWh, T=2706.6 s, planning=2824.1 s
FIGURES UPDATED after start hour 23
